Archive member included to satisfy reference by file (symbol)

c:/program files (x86)/atollic/truestudio for stm32 9.3.0/armtools/bin/../lib/gcc/arm-atollic-eabi/6.3.1/../../../../arm-atollic-eabi/lib/armv7e-m/fpu\libc.a(lib_a-init.o)
                              src\startup_stm32f40xx.o (__libc_init_array)
c:/program files (x86)/atollic/truestudio for stm32 9.3.0/armtools/bin/../lib/gcc/arm-atollic-eabi/6.3.1/../../../../arm-atollic-eabi/lib/armv7e-m/fpu\libc.a(lib_a-sprintf.o)
                              src\main.o (sprintf)
c:/program files (x86)/atollic/truestudio for stm32 9.3.0/armtools/bin/../lib/gcc/arm-atollic-eabi/6.3.1/../../../../arm-atollic-eabi/lib/armv7e-m/fpu\libc.a(lib_a-svfprintf.o)
                              c:/program files (x86)/atollic/truestudio for stm32 9.3.0/armtools/bin/../lib/gcc/arm-atollic-eabi/6.3.1/../../../../arm-atollic-eabi/lib/armv7e-m/fpu\libc.a(lib_a-sprintf.o) (_svfprintf_r)
c:/program files (x86)/atollic/truestudio for stm32 9.3.0/armtools/bin/../lib/gcc/arm-atollic-eabi/6.3.1/../../../../arm-atollic-eabi/lib/armv7e-m/fpu\libc.a(lib_a-dtoa.o)
                              c:/program files (x86)/atollic/truestudio for stm32 9.3.0/armtools/bin/../lib/gcc/arm-atollic-eabi/6.3.1/../../../../arm-atollic-eabi/lib/armv7e-m/fpu\libc.a(lib_a-svfprintf.o) (_dtoa_r)
c:/program files (x86)/atollic/truestudio for stm32 9.3.0/armtools/bin/../lib/gcc/arm-atollic-eabi/6.3.1/../../../../arm-atollic-eabi/lib/armv7e-m/fpu\libc.a(lib_a-impure.o)
                              c:/program files (x86)/atollic/truestudio for stm32 9.3.0/armtools/bin/../lib/gcc/arm-atollic-eabi/6.3.1/../../../../arm-atollic-eabi/lib/armv7e-m/fpu\libc.a(lib_a-sprintf.o) (_impure_ptr)
c:/program files (x86)/atollic/truestudio for stm32 9.3.0/armtools/bin/../lib/gcc/arm-atollic-eabi/6.3.1/../../../../arm-atollic-eabi/lib/armv7e-m/fpu\libc.a(lib_a-localeconv.o)
                              c:/program files (x86)/atollic/truestudio for stm32 9.3.0/armtools/bin/../lib/gcc/arm-atollic-eabi/6.3.1/../../../../arm-atollic-eabi/lib/armv7e-m/fpu\libc.a(lib_a-svfprintf.o) (_localeconv_r)
c:/program files (x86)/atollic/truestudio for stm32 9.3.0/armtools/bin/../lib/gcc/arm-atollic-eabi/6.3.1/../../../../arm-atollic-eabi/lib/armv7e-m/fpu\libc.a(lib_a-malloc.o)
                              c:/program files (x86)/atollic/truestudio for stm32 9.3.0/armtools/bin/../lib/gcc/arm-atollic-eabi/6.3.1/../../../../arm-atollic-eabi/lib/armv7e-m/fpu\libc.a(lib_a-dtoa.o) (malloc)
c:/program files (x86)/atollic/truestudio for stm32 9.3.0/armtools/bin/../lib/gcc/arm-atollic-eabi/6.3.1/../../../../arm-atollic-eabi/lib/armv7e-m/fpu\libc.a(lib_a-mallocr.o)
                              c:/program files (x86)/atollic/truestudio for stm32 9.3.0/armtools/bin/../lib/gcc/arm-atollic-eabi/6.3.1/../../../../arm-atollic-eabi/lib/armv7e-m/fpu\libc.a(lib_a-svfprintf.o) (_malloc_r)
c:/program files (x86)/atollic/truestudio for stm32 9.3.0/armtools/bin/../lib/gcc/arm-atollic-eabi/6.3.1/../../../../arm-atollic-eabi/lib/armv7e-m/fpu\libc.a(lib_a-memchr.o)
                              c:/program files (x86)/atollic/truestudio for stm32 9.3.0/armtools/bin/../lib/gcc/arm-atollic-eabi/6.3.1/../../../../arm-atollic-eabi/lib/armv7e-m/fpu\libc.a(lib_a-svfprintf.o) (memchr)
c:/program files (x86)/atollic/truestudio for stm32 9.3.0/armtools/bin/../lib/gcc/arm-atollic-eabi/6.3.1/../../../../arm-atollic-eabi/lib/armv7e-m/fpu\libc.a(lib_a-memcpy-stub.o)
                              c:/program files (x86)/atollic/truestudio for stm32 9.3.0/armtools/bin/../lib/gcc/arm-atollic-eabi/6.3.1/../../../../arm-atollic-eabi/lib/armv7e-m/fpu\libc.a(lib_a-dtoa.o) (memcpy)
c:/program files (x86)/atollic/truestudio for stm32 9.3.0/armtools/bin/../lib/gcc/arm-atollic-eabi/6.3.1/../../../../arm-atollic-eabi/lib/armv7e-m/fpu\libc.a(lib_a-mlock.o)
                              c:/program files (x86)/atollic/truestudio for stm32 9.3.0/armtools/bin/../lib/gcc/arm-atollic-eabi/6.3.1/../../../../arm-atollic-eabi/lib/armv7e-m/fpu\libc.a(lib_a-mallocr.o) (__malloc_lock)
c:/program files (x86)/atollic/truestudio for stm32 9.3.0/armtools/bin/../lib/gcc/arm-atollic-eabi/6.3.1/../../../../arm-atollic-eabi/lib/armv7e-m/fpu\libc.a(lib_a-mprec.o)
                              c:/program files (x86)/atollic/truestudio for stm32 9.3.0/armtools/bin/../lib/gcc/arm-atollic-eabi/6.3.1/../../../../arm-atollic-eabi/lib/armv7e-m/fpu\libc.a(lib_a-dtoa.o) (_Balloc)
c:/program files (x86)/atollic/truestudio for stm32 9.3.0/armtools/bin/../lib/gcc/arm-atollic-eabi/6.3.1/../../../../arm-atollic-eabi/lib/armv7e-m/fpu\libc.a(lib_a-sbrkr.o)
                              c:/program files (x86)/atollic/truestudio for stm32 9.3.0/armtools/bin/../lib/gcc/arm-atollic-eabi/6.3.1/../../../../arm-atollic-eabi/lib/armv7e-m/fpu\libc.a(lib_a-mallocr.o) (_sbrk_r)
[...]
Memory Configuration

Name             Origin             Length             Attributes
FLASH            0x08000000         0x00100000         xr
RAM              0x20000000         0x00020000         xrw
MEMORY_B1        0x60000000         0x00000000         xr
CCMRAM           0x10000000         0x00010000         rw
*default*        0x00000000         0xffffffff

Linker script and memory map

LOAD c:/program files (x86)/atollic/truestudio for stm32 9.3.0/armtools/bin/../lib/gcc/arm-atollic-eabi/6.3.1/armv7e-m/fpu/crti.o
LOAD c:/program files (x86)/atollic/truestudio for stm32 9.3.0/armtools/bin/../lib/gcc/arm-atollic-eabi/6.3.1/armv7e-m/fpu/crtbegin.o
LOAD Libraries\STM32F4xx_StdPeriph_Driver\src\misc.o
LOAD Libraries\STM32F4xx_StdPeriph_Driver\src\stm32f4xx_adc.o
LOAD Libraries\STM32F4xx_StdPeriph_Driver\src\stm32f4xx_can.o
LOAD Libraries\STM32F4xx_StdPeriph_Driver\src\stm32f4xx_crc.o
LOAD Libraries\STM32F4xx_StdPeriph_Driver\src\stm32f4xx_cryp.o
LOAD Libraries\STM32F4xx_StdPeriph_Driver\src\stm32f4xx_cryp_aes.o
LOAD Libraries\STM32F4xx_StdPeriph_Driver\src\stm32f4xx_cryp_des.o
LOAD Libraries\STM32F4xx_StdPeriph_Driver\src\stm32f4xx_cryp_tdes.o
LOAD Libraries\STM32F4xx_StdPeriph_Driver\src\stm32f4xx_dac.o
LOAD Libraries\STM32F4xx_StdPeriph_Driver\src\stm32f4xx_dbgmcu.o
LOAD Libraries\STM32F4xx_StdPeriph_Driver\src\stm32f4xx_dcmi.o
LOAD Libraries\STM32F4xx_StdPeriph_Driver\src\stm32f4xx_dma.o
LOAD Libraries\STM32F4xx_StdPeriph_Driver\src\stm32f4xx_exti.o
LOAD Libraries\STM32F4xx_StdPeriph_Driver\src\stm32f4xx_flash.o
LOAD Libraries\STM32F4xx_StdPeriph_Driver\src\stm32f4xx_fsmc.o
LOAD Libraries\STM32F4xx_StdPeriph_Driver\src\stm32f4xx_gpio.o
LOAD Libraries\STM32F4xx_StdPeriph_Driver\src\stm32f4xx_hash.o
LOAD Libraries\STM32F4xx_StdPeriph_Driver\src\stm32f4xx_hash_md5.o
LOAD Libraries\STM32F4xx_StdPeriph_Driver\src\stm32f4xx_hash_sha1.o
LOAD Libraries\STM32F4xx_StdPeriph_Driver\src\stm32f4xx_i2c.o
LOAD Libraries\STM32F4xx_StdPeriph_Driver\src\stm32f4xx_iwdg.o
LOAD Libraries\STM32F4xx_StdPeriph_Driver\src\stm32f4xx_pwr.o
LOAD Libraries\STM32F4xx_StdPeriph_Driver\src\stm32f4xx_rcc.o
LOAD Libraries\STM32F4xx_StdPeriph_Driver\src\stm32f4xx_rng.o
LOAD Libraries\STM32F4xx_StdPeriph_Driver\src\stm32f4xx_rtc.o
LOAD Libraries\STM32F4xx_StdPeriph_Driver\src\stm32f4xx_sdio.o
LOAD Libraries\STM32F4xx_StdPeriph_Driver\src\stm32f4xx_spi.o
LOAD Libraries\STM32F4xx_StdPeriph_Driver\src\stm32f4xx_syscfg.o
LOAD Libraries\STM32F4xx_StdPeriph_Driver\src\stm32f4xx_tim.o
LOAD Libraries\STM32F4xx_StdPeriph_Driver\src\stm32f4xx_usart.o
LOAD Libraries\STM32F4xx_StdPeriph_Driver\src\stm32f4xx_wwdg.o
LOAD src\DHT.o
LOAD src\HC06.o
LOAD src\adc.o
LOAD src\diskio.o
LOAD src\ff.o
LOAD src\main.o
LOAD src\startup_stm32f40xx.o
LOAD src\stm32_ub_atadrive.o
LOAD src\stm32_ub_fatfs.o
LOAD src\stm32_ub_lcd_4x20.o
LOAD src\stm32_ub_sdcard.o
LOAD src\stm32_ub_spi2.o
LOAD src\stm32_ub_usbdisk.o
LOAD src\stm32f4xx_it.o
LOAD src\system_stm32f4xx.o
LOAD src\tm_stm32f4_rtc.o
                0x00000080                malloc_getpagesize_P = 0x80
START GROUP
LOAD c:/program files (x86)/atollic/truestudio for stm32 9.3.0/armtools/bin/../lib/gcc/arm-atollic-eabi/6.3.1/../../../../arm-atollic-eabi/lib/armv7e-m/fpu\libc.a
LOAD c:/program files (x86)/atollic/truestudio for stm32 9.3.0/armtools/bin/../lib/gcc/arm-atollic-eabi/6.3.1/../../../../arm-atollic-eabi/lib/armv7e-m/fpu\libm.a
END GROUP
START GROUP
LOAD c:/program files (x86)/atollic/truestudio for stm32 9.3.0/armtools/bin/../lib/gcc/arm-atollic-eabi/6.3.1/armv7e-m/fpu\libgcc.a
LOAD c:/program files (x86)/atollic/truestudio for stm32 9.3.0/armtools/bin/../lib/gcc/arm-atollic-eabi/6.3.1/../../../../arm-atollic-eabi/lib/armv7e-m/fpu\libc.a
END GROUP
START GROUP
LOAD c:/program files (x86)/atollic/truestudio for stm32 9.3.0/armtools/bin/../lib/gcc/arm-atollic-eabi/6.3.1/armv7e-m/fpu\libgcc.a
LOAD c:/program files (x86)/atollic/truestudio for stm32 9.3.0/armtools/bin/../lib/gcc/arm-atollic-eabi/6.3.1/../../../../arm-atollic-eabi/lib/armv7e-m/fpu\libc.a
LOAD c:/program files (x86)/atollic/truestudio for stm32 9.3.0/armtools/bin/../lib/gcc/arm-atollic-eabi/6.3.1/../../../../arm-atollic-eabi/lib/armv7e-m/fpu\libnosys.a
END GROUP
LOAD c:/program files (x86)/atollic/truestudio for stm32 9.3.0/armtools/bin/../lib/gcc/arm-atollic-eabi/6.3.1/armv7e-m/fpu/crtend.o
LOAD c:/program files (x86)/atollic/truestudio for stm32 9.3.0/armtools/bin/../lib/gcc/arm-atollic-eabi/6.3.1/armv7e-m/fpu/crtn.o
                0x20020000                _estack = 0x20020000
                0x00000000                _Min_Heap_Size = 0x0
                0x00000400                _Min_Stack_Size = 0x400

.isr_vector     0x08000000      0x188
                0x08000000                . = ALIGN (0x4)
 *(.isr_vector)
 .isr_vector    0x08000000      0x188 src\startup_stm32f40xx.o
                0x08000000                g_pfnVectors
                0x08000188                . = ALIGN (0x4)

.text           0x08000190     0xb5d4
                0x08000190                . = ALIGN (0x4)
 *(.text)
 .text          0x08000190       0x40 c:/program files (x86)/atollic/truestudio for stm32 9.3.0/armtools/bin/../lib/gcc/arm-atollic-eabi/6.3.1/armv7e-m/fpu/crtbegin.o
 .text          0x080001d0       0xa0 c:/program files (x86)/atollic/truestudio for stm32 9.3.0/armtools/bin/../lib/gcc/arm-atollic-eabi/6.3.1/../../../../arm-atollic-eabi/lib/armv7e-m/fpu\libc.a(lib_a-memchr.o)
                0x080001d0                memchr
 .text          0x08000270       0x10 c:/program files (x86)/atollic/truestudio for stm32 9.3.0/armtools/bin/../lib/gcc/arm-atollic-eabi/6.3.1/../../../../arm-atollic-eabi/lib/armv7e-m/fpu\libc.a(lib_a-strlen.o)
                0x08000270                strlen
 .text          0x08000280      0x370 c:/program files (x86)/atollic/truestudio for stm32 9.3.0/armtools/bin/../lib/gcc/arm-atollic-eabi/6.3.1/armv7e-m/fpu\libgcc.a(_arm_addsubdf3.o)
                0x08000280                __aeabi_drsub
                0x08000288                __aeabi_dsub
                0x08000288                __subdf3
                0x0800028c                __aeabi_dadd
                0x0800028c                __adddf3
                0x08000504                __floatunsidf
                0x08000504                __aeabi_ui2d
                0x08000524                __floatsidf
                0x08000524                __aeabi_i2d
                0x08000548                __aeabi_f2d
                0x08000548                __extendsfdf2
                0x08000584                __floatundidf
                0x08000584                __aeabi_ul2d
                0x08000594                __floatdidf
                0x08000594                __aeabi_l2d
 .text          0x080005f0      0x424 c:/program files (x86)/atollic/truestudio for stm32 9.3.0/armtools/bin/../lib/gcc/arm-atollic-eabi/6.3.1/armv7e-m/fpu\libgcc.a(_arm_muldivdf3.o)
                0x080005f0                __aeabi_dmul
                0x080005f0                __muldf3
                0x08000844                __divdf3
                0x08000844                __aeabi_ddiv
 .text          0x08000a14      0x110 c:/program files (x86)/atollic/truestudio for stm32 9.3.0/armtools/bin/../lib/gcc/arm-atollic-eabi/6.3.1/armv7e-m/fpu\libgcc.a(_arm_cmpdf2.o)
                0x08000a14                __gtdf2
                0x08000a14                __gedf2
                0x08000a1c                __ltdf2
                0x08000a1c                __ledf2
                0x08000a24                __nedf2
                0x08000a24                __eqdf2
                0x08000a24                __cmpdf2
                0x08000aa0                __aeabi_cdrcmple
                0x08000ab0                __aeabi_cdcmpeq
                0x08000ab0                __aeabi_cdcmple
                0x08000ac0                __aeabi_dcmpeq
                0x08000ad4                __aeabi_dcmplt
                0x08000ae8                __aeabi_dcmple
                0x08000afc                __aeabi_dcmpge
                0x08000b10                __aeabi_dcmpgt
 .text          0x08000b24       0x2c c:/program files (x86)/atollic/truestudio for stm32 9.3.0/armtools/bin/../lib/gcc/arm-atollic-eabi/6.3.1/armv7e-m/fpu\libgcc.a(_arm_unorddf2.o)
                0x08000b24                __unorddf2
                0x08000b24                __aeabi_dcmpun
 .text          0x08000b50       0x50 c:/program files (x86)/atollic/truestudio for stm32 9.3.0/armtools/bin/../lib/gcc/arm-atollic-eabi/6.3.1/armv7e-m/fpu\libgcc.a(_arm_fixdfsi.o)
                0x08000b50                __aeabi_d2iz
                0x08000b50                __fixdfsi
 .text          0x08000ba0       0xa0 c:/program files (x86)/atollic/truestudio for stm32 9.3.0/armtools/bin/../lib/gcc/arm-atollic-eabi/6.3.1/armv7e-m/fpu\libgcc.a(_arm_truncdfsf2.o)
                0x08000ba0                __truncdfsf2
                0x08000ba0                __aeabi_d2f
 .text          0x08000c40       0x30 c:/program files (x86)/atollic/truestudio for stm32 9.3.0/armtools/bin/../lib/gcc/arm-atollic-eabi/6.3.1/armv7e-m/fpu\libgcc.a(_aeabi_uldivmod.o)
                0x08000c40                __aeabi_uldivmod
 .text          0x08000c70      0x2dc c:/program files (x86)/atollic/truestudio for stm32 9.3.0/armtools/bin/../lib/gcc/arm-atollic-eabi/6.3.1/armv7e-m/fpu\libgcc.a(_udivmoddi4.o)
                0x08000c70                __udivmoddi4
 .text          0x08000f4c        0x4 c:/program files (x86)/atollic/truestudio for stm32 9.3.0/armtools/bin/../lib/gcc/arm-atollic-eabi/6.3.1/armv7e-m/fpu\libgcc.a(_dvmd_tls.o)
                0x08000f4c                __aeabi_idiv0
                0x08000f4c                __aeabi_ldiv0
 *(.text*)
 .text.NVIC_PriorityGroupConfig
                0x08000f50       0x28 Libraries\STM32F4xx_StdPeriph_Driver\src\misc.o
                0x08000f50                NVIC_PriorityGroupConfig
 .text.NVIC_Init
                0x08000f78       0xc4 Libraries\STM32F4xx_StdPeriph_Driver\src\misc.o
                0x08000f78                NVIC_Init
 .text.ADC_Init
                0x0800103c       0xac Libraries\STM32F4xx_StdPeriph_Driver\src\stm32f4xx_adc.o
                0x0800103c                ADC_Init
 .text.ADC_StructInit
                0x080010e8       0x3e Libraries\STM32F4xx_StdPeriph_Driver\src\stm32f4xx_adc.o
                0x080010e8                ADC_StructInit
 *fill*         0x08001126        0x2 
 .text.ADC_CommonInit
                0x08001128       0x50 Libraries\STM32F4xx_StdPeriph_Driver\src\stm32f4xx_adc.o
                0x08001128                ADC_CommonInit
 .text.ADC_CommonStructInit
                0x08001178       0x2c Libraries\STM32F4xx_StdPeriph_Driver\src\stm32f4xx_adc.o
                0x08001178                ADC_CommonStructInit
 .text.ADC_Cmd  0x080011a4       0x38 Libraries\STM32F4xx_StdPeriph_Driver\src\stm32f4xx_adc.o
                0x080011a4                ADC_Cmd
 .text.ADC_InjectedChannelConfig
                0x080011dc      0x122 Libraries\STM32F4xx_StdPeriph_Driver\src\stm32f4xx_adc.o
                0x080011dc                ADC_InjectedChannelConfig
 .text.ADC_InjectedSequencerLengthConfig
                0x080012fe       0x44 Libraries\STM32F4xx_StdPeriph_Driver\src\stm32f4xx_adc.o
                0x080012fe                ADC_InjectedSequencerLengthConfig
 .text.ADC_SetInjectedOffset
                0x08001342       0x34 Libraries\STM32F4xx_StdPeriph_Driver\src\stm32f4xx_adc.o
                0x08001342                ADC_SetInjectedOffset
 .text.ADC_SoftwareStartInjectedConv
                0x08001376       0x20 Libraries\STM32F4xx_StdPeriph_Driver\src\stm32f4xx_adc.o
                0x08001376                ADC_SoftwareStartInjectedConv
 .text.ADC_GetInjectedConversionValue
                0x08001396       0x30 Libraries\STM32F4xx_StdPeriph_Driver\src\stm32f4xx_adc.o
                0x08001396                ADC_GetInjectedConversionValue
 .text.ADC_GetFlagStatus
                0x080013c6       0x34 Libraries\STM32F4xx_StdPeriph_Driver\src\stm32f4xx_adc.o
                0x080013c6                ADC_GetFlagStatus
 .text.ADC_ClearFlag
                0x080013fa       0x20 Libraries\STM32F4xx_StdPeriph_Driver\src\stm32f4xx_adc.o
                0x080013fa                ADC_ClearFlag
 *fill*         0x0800141a        0x2 
 .text.EXTI_Init
                0x0800141c       0xe4 Libraries\STM32F4xx_StdPeriph_Driver\src\stm32f4xx_exti.o
                0x0800141c                EXTI_Init
 .text.EXTI_GetITStatus
                0x08001500       0x48 Libraries\STM32F4xx_StdPeriph_Driver\src\stm32f4xx_exti.o
                0x08001500                EXTI_GetITStatus
 .text.EXTI_ClearITPendingBit
                0x08001548       0x20 Libraries\STM32F4xx_StdPeriph_Driver\src\stm32f4xx_exti.o
                0x08001548                EXTI_ClearITPendingBit
 .text.GPIO_Init
                0x08001568      0x11c Libraries\STM32F4xx_StdPeriph_Driver\src\stm32f4xx_gpio.o
                0x08001568                GPIO_Init
 .text.GPIO_StructInit
                0x08001684       0x34 Libraries\STM32F4xx_StdPeriph_Driver\src\stm32f4xx_gpio.o
                0x08001684                GPIO_StructInit
 .text.GPIO_ReadInputDataBit
                0x080016b8       0x34 Libraries\STM32F4xx_StdPeriph_Driver\src\stm32f4xx_gpio.o
                0x080016b8                GPIO_ReadInputDataBit
 .text.GPIO_SetBits
                0x080016ec       0x1e Libraries\STM32F4xx_StdPeriph_Driver\src\stm32f4xx_gpio.o
                0x080016ec                GPIO_SetBits
 .text.GPIO_ResetBits
                0x0800170a       0x1e Libraries\STM32F4xx_StdPeriph_Driver\src\stm32f4xx_gpio.o
                0x0800170a                GPIO_ResetBits
 .text.GPIO_WriteBit
                0x08001728       0x30 Libraries\STM32F4xx_StdPeriph_Driver\src\stm32f4xx_gpio.o
                0x08001728                GPIO_WriteBit
 .text.GPIO_PinAFConfig
                0x08001758       0x92 Libraries\STM32F4xx_StdPeriph_Driver\src\stm32f4xx_gpio.o
                0x08001758                GPIO_PinAFConfig
 *fill*         0x080017ea        0x2 
 .text.PWR_BackupAccessCmd
                0x080017ec       0x20 Libraries\STM32F4xx_StdPeriph_Driver\src\stm32f4xx_pwr.o
                0x080017ec                PWR_BackupAccessCmd
 .text.RCC_LSEConfig
                0x0800180c       0x44 Libraries\STM32F4xx_StdPeriph_Driver\src\stm32f4xx_rcc.o
                0x0800180c                RCC_LSEConfig
 .text.RCC_LSICmd
                0x08001850       0x20 Libraries\STM32F4xx_StdPeriph_Driver\src\stm32f4xx_rcc.o
                0x08001850                RCC_LSICmd
 .text.RCC_GetClocksFreq
                0x08001870      0x150 Libraries\STM32F4xx_StdPeriph_Driver\src\stm32f4xx_rcc.o
                0x08001870                RCC_GetClocksFreq
 .text.RCC_RTCCLKConfig
                0x080019c0       0x5c Libraries\STM32F4xx_StdPeriph_Driver\src\stm32f4xx_rcc.o
                0x080019c0                RCC_RTCCLKConfig
 .text.RCC_RTCCLKCmd
                0x08001a1c       0x20 Libraries\STM32F4xx_StdPeriph_Driver\src\stm32f4xx_rcc.o
                0x08001a1c                RCC_RTCCLKCmd
 .text.RCC_AHB1PeriphClockCmd
                0x08001a3c       0x40 Libraries\STM32F4xx_StdPeriph_Driver\src\stm32f4xx_rcc.o
                0x08001a3c                RCC_AHB1PeriphClockCmd
 .text.RCC_APB1PeriphClockCmd
                0x08001a7c       0x40 Libraries\STM32F4xx_StdPeriph_Driver\src\stm32f4xx_rcc.o
                0x08001a7c                RCC_APB1PeriphClockCmd
 .text.RCC_APB2PeriphClockCmd
                0x08001abc       0x40 Libraries\STM32F4xx_StdPeriph_Driver\src\stm32f4xx_rcc.o
                0x08001abc                RCC_APB2PeriphClockCmd
 .text.RCC_GetFlagStatus
                0x08001afc       0x74 Libraries\STM32F4xx_StdPeriph_Driver\src\stm32f4xx_rcc.o
                0x08001afc                RCC_GetFlagStatus
 .text.RTC_Init
                0x08001b70       0x78 Libraries\STM32F4xx_StdPeriph_Driver\src\stm32f4xx_rtc.o
                0x08001b70                RTC_Init
 .text.RTC_WriteProtectionCmd
                0x08001be8       0x34 Libraries\STM32F4xx_StdPeriph_Driver\src\stm32f4xx_rtc.o
                0x08001be8                RTC_WriteProtectionCmd
 .text.RTC_EnterInitMode
                0x08001c1c       0x74 Libraries\STM32F4xx_StdPeriph_Driver\src\stm32f4xx_rtc.o
                0x08001c1c                RTC_EnterInitMode
 .text.RTC_ExitInitMode
                0x08001c90       0x20 Libraries\STM32F4xx_StdPeriph_Driver\src\stm32f4xx_rtc.o
                0x08001c90                RTC_ExitInitMode
 .text.RTC_WaitForSynchro
                0x08001cb0       0x78 Libraries\STM32F4xx_StdPeriph_Driver\src\stm32f4xx_rtc.o
                0x08001cb0                RTC_WaitForSynchro
 .text.RTC_SetTime
                0x08001d28      0x114 Libraries\STM32F4xx_StdPeriph_Driver\src\stm32f4xx_rtc.o
                0x08001d28                RTC_SetTime
 .text.RTC_GetTime
                0x08001e3c       0xa4 Libraries\STM32F4xx_StdPeriph_Driver\src\stm32f4xx_rtc.o
                0x08001e3c                RTC_GetTime
 .text.RTC_SetDate
                0x08001ee0      0x120 Libraries\STM32F4xx_StdPeriph_Driver\src\stm32f4xx_rtc.o
                0x08001ee0                RTC_SetDate
 .text.RTC_GetDate
                0x08002000       0x9c Libraries\STM32F4xx_StdPeriph_Driver\src\stm32f4xx_rtc.o
                0x08002000                RTC_GetDate
 .text.RTC_WakeUpClockConfig
                0x0800209c       0x44 Libraries\STM32F4xx_StdPeriph_Driver\src\stm32f4xx_rtc.o
                0x0800209c                RTC_WakeUpClockConfig
 .text.RTC_SetWakeUpCounter
                0x080020e0       0x30 Libraries\STM32F4xx_StdPeriph_Driver\src\stm32f4xx_rtc.o
                0x080020e0                RTC_SetWakeUpCounter
 .text.RTC_WakeUpCmd
                0x08002110       0x94 Libraries\STM32F4xx_StdPeriph_Driver\src\stm32f4xx_rtc.o
                0x08002110                RTC_WakeUpCmd
 .text.RTC_WriteBackupRegister
                0x080021a4       0x34 Libraries\STM32F4xx_StdPeriph_Driver\src\stm32f4xx_rtc.o
                0x080021a4                RTC_WriteBackupRegister
 .text.RTC_ReadBackupRegister
                0x080021d8       0x30 Libraries\STM32F4xx_StdPeriph_Driver\src\stm32f4xx_rtc.o
                0x080021d8                RTC_ReadBackupRegister
 .text.RTC_ITConfig
                0x08002208       0x7c Libraries\STM32F4xx_StdPeriph_Driver\src\stm32f4xx_rtc.o
                0x08002208                RTC_ITConfig
 .text.RTC_GetITStatus
                0x08002284       0x68 Libraries\STM32F4xx_StdPeriph_Driver\src\stm32f4xx_rtc.o
                0x08002284                RTC_GetITStatus
 .text.RTC_ClearITPendingBit
                0x080022ec       0x3c Libraries\STM32F4xx_StdPeriph_Driver\src\stm32f4xx_rtc.o
                0x080022ec                RTC_ClearITPendingBit
 .text.RTC_ByteToBcd2
                0x08002328       0x3a Libraries\STM32F4xx_StdPeriph_Driver\src\stm32f4xx_rtc.o
 .text.RTC_Bcd2ToByte
                0x08002362       0x38 Libraries\STM32F4xx_StdPeriph_Driver\src\stm32f4xx_rtc.o
 .text.SPI_Init
                0x0800239a       0x88 Libraries\STM32F4xx_StdPeriph_Driver\src\stm32f4xx_spi.o
                0x0800239a                SPI_Init
 .text.SPI_Cmd  0x08002422       0x40 Libraries\STM32F4xx_StdPeriph_Driver\src\stm32f4xx_spi.o
                0x08002422                SPI_Cmd
 .text.SPI_I2S_ReceiveData
                0x08002462       0x1a Libraries\STM32F4xx_StdPeriph_Driver\src\stm32f4xx_spi.o
                0x08002462                SPI_I2S_ReceiveData
 .text.SPI_I2S_SendData
                0x0800247c       0x1e Libraries\STM32F4xx_StdPeriph_Driver\src\stm32f4xx_spi.o
                0x0800247c                SPI_I2S_SendData
 .text.SPI_I2S_GetFlagStatus
                0x0800249a       0x38 Libraries\STM32F4xx_StdPeriph_Driver\src\stm32f4xx_spi.o
                0x0800249a                SPI_I2S_GetFlagStatus
 *fill*         0x080024d2        0x2 
 .text.SYSCFG_EXTILineConfig
                0x080024d4       0x84 Libraries\STM32F4xx_StdPeriph_Driver\src\stm32f4xx_syscfg.o
                0x080024d4                SYSCFG_EXTILineConfig
 .text.TIM_TimeBaseInit
                0x08002558       0xd8 Libraries\STM32F4xx_StdPeriph_Driver\src\stm32f4xx_tim.o
                0x08002558                TIM_TimeBaseInit
 .text.TIM_ARRPreloadConfig
                0x08002630       0x40 Libraries\STM32F4xx_StdPeriph_Driver\src\stm32f4xx_tim.o
                0x08002630                TIM_ARRPreloadConfig
 .text.TIM_Cmd  0x08002670       0x40 Libraries\STM32F4xx_StdPeriph_Driver\src\stm32f4xx_tim.o
                0x08002670                TIM_Cmd
 .text.TIM_ITConfig
                0x080026b0       0x48 Libraries\STM32F4xx_StdPeriph_Driver\src\stm32f4xx_tim.o
                0x080026b0                TIM_ITConfig
 .text.TIM_GetITStatus
                0x080026f8       0x54 Libraries\STM32F4xx_StdPeriph_Driver\src\stm32f4xx_tim.o
                0x080026f8                TIM_GetITStatus
 .text.TIM_ClearITPendingBit
                0x0800274c       0x22 Libraries\STM32F4xx_StdPeriph_Driver\src\stm32f4xx_tim.o
                0x0800274c                TIM_ClearITPendingBit
 *fill*         0x0800276e        0x2 
 .text.USART_Init
                0x08002770      0x174 Libraries\STM32F4xx_StdPeriph_Driver\src\stm32f4xx_usart.o
                0x08002770                USART_Init
 .text.USART_Cmd
                0x080028e4       0x40 Libraries\STM32F4xx_StdPeriph_Driver\src\stm32f4xx_usart.o
                0x080028e4                USART_Cmd
 .text.USART_SendData
                0x08002924       0x24 Libraries\STM32F4xx_StdPeriph_Driver\src\stm32f4xx_usart.o
                0x08002924                USART_SendData
 .text.USART_ITConfig
                0x08002948       0x90 Libraries\STM32F4xx_StdPeriph_Driver\src\stm32f4xx_usart.o
                0x08002948                USART_ITConfig
 .text.USART_GetFlagStatus
                0x080029d8       0x38 Libraries\STM32F4xx_StdPeriph_Driver\src\stm32f4xx_usart.o
                0x080029d8                USART_GetFlagStatus
 .text.delay    0x08002a10       0x28 src\DHT.o
                0x08002a10                delay
 .text.Set_Pin_Output
                0x08002a38       0x38 src\DHT.o
                0x08002a38                Set_Pin_Output
 .text.Set_Pin_Input
                0x08002a70       0x38 src\DHT.o
                0x08002a70                Set_Pin_Input
 .text.DHT_Start
                0x08002aa8       0x38 src\DHT.o
                0x08002aa8                DHT_Start
 .text.DHT_Check_Response
                0x08002ae0       0x5c src\DHT.o
                0x08002ae0                DHT_Check_Response
 .text.DHT_Read
                0x08002b3c       0x90 src\DHT.o
                0x08002b3c                DHT_Read
 .text.DHT_GetData
                0x08002bcc       0xcc src\DHT.o
                0x08002bcc                DHT_GetData
 .text.TIM2_Init
                0x08002c98       0x64 src\DHT.o
                0x08002c98                TIM2_Init
 .text.TIM2_Config
                0x08002cfc       0x2e src\DHT.o
                0x08002cfc                TIM2_Config
 .text.TIM2_Start
                0x08002d2a       0x1a src\DHT.o
                0x08002d2a                TIM2_Start
 .text.TIM2_IRQHandler
                0x08002d44       0x38 src\DHT.o
                0x08002d44                TIM2_IRQHandler
 .text.inicializarBluetooth
                0x08002d7c       0xac src\HC06.o
                0x08002d7c                inicializarBluetooth
 .text.blue_Putc
                0x08002e28       0x34 src\HC06.o
                0x08002e28                blue_Putc
 .text.blue_Puts
                0x08002e5c       0x44 src\HC06.o
                0x08002e5c                blue_Puts
 .text.adc_inicializar
                0x08002ea0       0xbc src\adc.o
                0x08002ea0                adc_inicializar
 .text.adc_leer_cuentas
                0x08002f5c       0x4c src\adc.o
                0x08002f5c                adc_leer_cuentas
 .text.disk_status
                0x08002fa8       0x64 src\diskio.o
                0x08002fa8                disk_status
 .text.disk_initialize
                0x0800300c       0x64 src\diskio.o
                0x0800300c                disk_initialize
 .text.disk_read
                0x08003070       0x84 src\diskio.o
                0x08003070                disk_read
 .text.disk_write
                0x080030f4       0x84 src\diskio.o
                0x080030f4                disk_write
 .text.get_fattime
                0x08003178       0x14 src\diskio.o
                0x08003178                get_fattime
 .text.disk_ioctl
                0x0800318c       0x7c src\diskio.o
                0x0800318c                disk_ioctl
 .text.mem_cpy  0x08003208       0x3c src\ff.o
 .text.mem_set  0x08003244       0x34 src\ff.o
 .text.mem_cmp  0x08003278       0x4e src\ff.o
 .text.chk_chr  0x080032c6       0x36 src\ff.o
 .text.sync_window
                0x080032fc       0x88 src\ff.o
 .text.move_window
                0x08003384       0x5a src\ff.o
 .text.sync_fs  0x080033de      0x144 src\ff.o
 .text.clust2sect
                0x08003522       0x3e src\ff.o
                0x08003522                clust2sect
 .text.get_fat  0x08003560      0x16e src\ff.o
                0x08003560                get_fat
 .text.put_fat  0x080036ce      0x20a src\ff.o
                0x080036ce                put_fat
 .text.remove_chain
                0x080038d8       0xa6 src\ff.o
 .text.create_chain
                0x0800397e      0x126 src\ff.o
 .text.dir_sdi  0x08003aa4       0xfe src\ff.o
 .text.dir_next
                0x08003ba2      0x1a6 src\ff.o
 .text.dir_alloc
                0x08003d48       0x8c src\ff.o
 .text.ld_clust
                0x08003dd4       0x5a src\ff.o
 .text.st_clust
                0x08003e2e       0x4e src\ff.o
 .text.dir_find
                0x08003e7c       0x96 src\ff.o
 .text.dir_register
                0x08003f12       0x64 src\ff.o
 *fill*         0x08003f76        0x2 
 .text.create_name
                0x08003f78      0x180 src\ff.o
 .text.follow_path
                0x080040f8       0xd0 src\ff.o
 .text.get_ldnumber
                0x080041c8       0x88 src\ff.o
 .text.check_fs
                0x08004250       0xd0 src\ff.o
 .text.find_volume
                0x08004320      0x560 src\ff.o
 .text.validate
                0x08004880       0x5a src\ff.o
 *fill*         0x080048da        0x2 
 .text.f_mount  0x080048dc       0x88 src\ff.o
                0x080048dc                f_mount
 .text.f_open   0x08004964      0x280 src\ff.o
                0x08004964                f_open
 .text.f_write  0x08004be4      0x2d8 src\ff.o
                0x08004be4                f_write
 .text.f_sync   0x08004ebc      0x150 src\ff.o
                0x08004ebc                f_sync
 .text.f_close  0x0800500c       0x38 src\ff.o
                0x0800500c                f_close
 .text.f_lseek  0x08005044      0x266 src\ff.o
                0x08005044                f_lseek
 .text.f_getfree
                0x080052aa      0x188 src\ff.o
                0x080052aa                f_getfree
 .text.putc_bfd
                0x08005432       0x7a src\ff.o
 .text.f_puts   0x080054ac       0x74 src\ff.o
                0x080054ac                f_puts
 .text.NVIC_SetPriority
                0x08005520       0x54 src\main.o
 .text.SysTick_Config
                0x08005574       0x44 src\main.o
 .text.main     0x080055b8       0x90 src\main.o
                0x080055b8                main
 .text.PantallaStanBy
                0x08005648       0xcc src\main.o
                0x08005648                PantallaStanBy
 .text.InicializarPinesSalida
                0x08005714       0x38 src\main.o
                0x08005714                InicializarPinesSalida
 .text.inicializaSensores
                0x0800574c       0x54 src\main.o
                0x0800574c                inicializaSensores
 .text.sensar   0x080057a0      0x174 src\main.o
                0x080057a0                sensar
 .text.InicializarPines
                0x08005914       0x7c src\main.o
                0x08005914                InicializarPines
 .text.Delay    0x08005990       0x28 src\main.o
                0x08005990                Delay
 .text.TimingDelay_Decrement
                0x080059b8       0x24 src\main.o
                0x080059b8                TimingDelay_Decrement
 .text.HumedadTierra
                0x080059dc       0x64 src\main.o
                0x080059dc                HumedadTierra
 .text.MenudeOpciones
                0x08005a40      0x55c src\main.o
                0x08005a40                MenudeOpciones
 .text.HorariosLuces
                0x08005f9c      0x224 src\main.o
                0x08005f9c                HorariosLuces
 .text.EXTILine7_Config
                0x080061c0       0x88 src\main.o
                0x080061c0                EXTILine7_Config
 .text.EXTILine8_Config
                0x08006248       0x8c src\main.o
                0x08006248                EXTILine8_Config
 .text.EXTI9_5_IRQHandler
                0x080062d4      0x20c src\main.o
                0x080062d4                EXTI9_5_IRQHandler
 .text.InicializarHora
                0x080064e0      0x308 src\main.o
                0x080064e0                InicializarHora
 .text.escribirSD
                0x080067e8      0x14c src\main.o
                0x080067e8                escribirSD
 .text.TM_RTC_RequestHandler
                0x08006934       0x6c src\main.o
                0x08006934                TM_RTC_RequestHandler
 .text.Reset_Handler
                0x080069a0       0x50 src\startup_stm32f40xx.o
                0x080069a0                Reset_Handler
 .text.Default_Handler
                0x080069f0        0x2 src\startup_stm32f40xx.o
                0x080069f0                HASH_RNG_IRQHandler
                0x080069f0                EXTI2_IRQHandler
                0x080069f0                TIM8_CC_IRQHandler
                0x080069f0                TIM1_CC_IRQHandler
                0x080069f0                DMA2_Stream5_IRQHandler
                0x080069f0                DMA1_Stream5_IRQHandler
                0x080069f0                PVD_IRQHandler
                0x080069f0                SDIO_IRQHandler
                0x080069f0                TAMP_STAMP_IRQHandler
                0x080069f0                CAN2_RX1_IRQHandler
                0x080069f0                EXTI3_IRQHandler
                0x080069f0                TIM8_TRG_COM_TIM14_IRQHandler
                0x080069f0                TIM1_UP_TIM10_IRQHandler
                0x080069f0                TIM8_UP_TIM13_IRQHandler
                0x080069f0                I2C3_ER_IRQHandler
                0x080069f0                EXTI0_IRQHandler
                0x080069f0                I2C2_EV_IRQHandler
                0x080069f0                DMA1_Stream2_IRQHandler
                0x080069f0                CAN1_RX0_IRQHandler
                0x080069f0                FPU_IRQHandler
                0x080069f0                OTG_HS_WKUP_IRQHandler
                0x080069f0                CAN2_SCE_IRQHandler
                0x080069f0                DMA2_Stream2_IRQHandler
                0x080069f0                SPI1_IRQHandler
                0x080069f0                TIM1_BRK_TIM9_IRQHandler
                0x080069f0                DCMI_IRQHandler
                0x080069f0                CAN2_RX0_IRQHandler
                0x080069f0                DMA2_Stream3_IRQHandler
                0x080069f0                USART6_IRQHandler
                0x080069f0                USART3_IRQHandler
                0x080069f0                CRYP_IRQHandler
                0x080069f0                CAN1_RX1_IRQHandler
                0x080069f0                UART5_IRQHandler
                0x080069f0                DMA2_Stream0_IRQHandler
                0x080069f0                TIM4_IRQHandler
                0x080069f0                I2C1_EV_IRQHandler
                0x080069f0                DMA1_Stream6_IRQHandler
                0x080069f0                DMA1_Stream1_IRQHandler
                0x080069f0                UART4_IRQHandler
                0x080069f0                TIM3_IRQHandler
                0x080069f0                RCC_IRQHandler
                0x080069f0                TIM8_BRK_TIM12_IRQHandler
                0x080069f0                Default_Handler
                0x080069f0                EXTI15_10_IRQHandler
                0x080069f0                ADC_IRQHandler
                0x080069f0                DMA1_Stream7_IRQHandler
                0x080069f0                TIM7_IRQHandler
                0x080069f0                CAN2_TX_IRQHandler
                0x080069f0                TIM5_IRQHandler
                0x080069f0                DMA2_Stream7_IRQHandler
                0x080069f0                I2C3_EV_IRQHandler
                0x080069f0                ETH_WKUP_IRQHandler
                0x080069f0                SPI2_IRQHandler
                0x080069f0                OTG_HS_EP1_IN_IRQHandler
                0x080069f0                DMA1_Stream0_IRQHandler
                0x080069f0                CAN1_TX_IRQHandler
                0x080069f0                EXTI4_IRQHandler
                0x080069f0                FSMC_IRQHandler
                0x080069f0                ETH_IRQHandler
                0x080069f0                OTG_HS_EP1_OUT_IRQHandler
                0x080069f0                WWDG_IRQHandler
                0x080069f0                OTG_FS_WKUP_IRQHandler
                0x080069f0                TIM1_TRG_COM_TIM11_IRQHandler
                0x080069f0                OTG_HS_IRQHandler
                0x080069f0                EXTI1_IRQHandler
                0x080069f0                USART2_IRQHandler
                0x080069f0                I2C2_ER_IRQHandler
                0x080069f0                DMA2_Stream1_IRQHandler
                0x080069f0                CAN1_SCE_IRQHandler
                0x080069f0                FLASH_IRQHandler
                0x080069f0                DMA2_Stream4_IRQHandler
                0x080069f0                USART1_IRQHandler
                0x080069f0                OTG_FS_IRQHandler
                0x080069f0                SPI3_IRQHandler
                0x080069f0                DMA1_Stream4_IRQHandler
                0x080069f0                I2C1_ER_IRQHandler
                0x080069f0                DMA2_Stream6_IRQHandler
                0x080069f0                DMA1_Stream3_IRQHandler
 .text.UB_ATADrive_Init
                0x080069f2        0xe src\stm32_ub_atadrive.o
                0x080069f2                UB_ATADrive_Init
 .text.ATA_disk_initialize
                0x08006a00       0x1a src\stm32_ub_atadrive.o
                0x08006a00                ATA_disk_initialize
 .text.ATA_disk_status
                0x08006a1a       0x1a src\stm32_ub_atadrive.o
                0x08006a1a                ATA_disk_status
 .text.ATA_disk_read
                0x08006a34       0x22 src\stm32_ub_atadrive.o
                0x08006a34                ATA_disk_read
 .text.ATA_disk_write
                0x08006a56       0x22 src\stm32_ub_atadrive.o
                0x08006a56                ATA_disk_write
 .text.ATA_disk_ioctl
                0x08006a78       0x20 src\stm32_ub_atadrive.o
                0x08006a78                ATA_disk_ioctl
 .text.UB_Fatfs_Init
                0x08006a98       0x14 src\stm32_ub_fatfs.o
                0x08006a98                UB_Fatfs_Init
 .text.UB_Fatfs_CheckMedia
                0x08006aac       0x3a src\stm32_ub_fatfs.o
                0x08006aac                UB_Fatfs_CheckMedia
 *fill*         0x08006ae6        0x2 
 .text.UB_Fatfs_Mount
                0x08006ae8       0x74 src\stm32_ub_fatfs.o
                0x08006ae8                UB_Fatfs_Mount
 .text.UB_Fatfs_UnMount
                0x08006b5c       0x44 src\stm32_ub_fatfs.o
                0x08006b5c                UB_Fatfs_UnMount
 .text.UB_Fatfs_OpenFile
                0x08006ba0       0xa6 src\stm32_ub_fatfs.o
                0x08006ba0                UB_Fatfs_OpenFile
 .text.UB_Fatfs_CloseFile
                0x08006c46       0x34 src\stm32_ub_fatfs.o
                0x08006c46                UB_Fatfs_CloseFile
 .text.UB_Fatfs_WriteString
                0x08006c7a       0x36 src\stm32_ub_fatfs.o
                0x08006c7a                UB_Fatfs_WriteString
 .text.UB_LCD_4x20_Init
                0x08006cb0       0x3c src\stm32_ub_lcd_4x20.o
                0x08006cb0                UB_LCD_4x20_Init
 .text.UB_LCD_4x20_Clear
                0x08006cec       0x16 src\stm32_ub_lcd_4x20.o
                0x08006cec                UB_LCD_4x20_Clear
 .text.UB_LCD_4x20_String
                0x08006d02       0x3e src\stm32_ub_lcd_4x20.o
                0x08006d02                UB_LCD_4x20_String
 .text.P_LCD_4x20_InitIO
                0x08006d40       0xa8 src\stm32_ub_lcd_4x20.o
                0x08006d40                P_LCD_4x20_InitIO
 .text.P_LCD_4x20_PinLo
                0x08006de8       0x40 src\stm32_ub_lcd_4x20.o
                0x08006de8                P_LCD_4x20_PinLo
 .text.P_LCD_4x20_PinHi
                0x08006e28       0x40 src\stm32_ub_lcd_4x20.o
                0x08006e28                P_LCD_4x20_PinHi
 .text.P_LCD_4x20_Clk
                0x08006e68       0x24 src\stm32_ub_lcd_4x20.o
                0x08006e68                P_LCD_4x20_Clk
 .text.P_LCD_4x20_InitSequenz
                0x08006e8c       0x68 src\stm32_ub_lcd_4x20.o
                0x08006e8c                P_LCD_4x20_InitSequenz
 .text.P_LCD_4x20_Cmd
                0x08006ef4       0xde src\stm32_ub_lcd_4x20.o
                0x08006ef4                P_LCD_4x20_Cmd
 .text.P_LCD_4x20_Data
                0x08006fd2       0xde src\stm32_ub_lcd_4x20.o
                0x08006fd2                P_LCD_4x20_Data
 .text.P_LCD_4x20_Cursor
                0x080070b0       0x7a src\stm32_ub_lcd_4x20.o
                0x080070b0                P_LCD_4x20_Cursor
 .text.P_LCD_4x20_Delay
                0x0800712a       0x20 src\stm32_ub_lcd_4x20.o
                0x0800712a                P_LCD_4x20_Delay
 *fill*         0x0800714a        0x2 
 .text.UB_SDCard_Init
                0x0800714c       0x30 src\stm32_ub_sdcard.o
                0x0800714c                UB_SDCard_Init
 .text.UB_SDCard_CheckMedia
                0x0800717c       0x1c src\stm32_ub_sdcard.o
                0x0800717c                UB_SDCard_CheckMedia
 .text.MMC_disk_initialize
                0x08007198      0x1b0 src\stm32_ub_sdcard.o
                0x08007198                MMC_disk_initialize
 .text.MMC_disk_status
                0x08007348       0x18 src\stm32_ub_sdcard.o
                0x08007348                MMC_disk_status
 .text.MMC_disk_read
                0x08007360       0xc4 src\stm32_ub_sdcard.o
                0x08007360                MMC_disk_read
 .text.MMC_disk_write
                0x08007424       0xf0 src\stm32_ub_sdcard.o
                0x08007424                MMC_disk_write
 .text.MMC_disk_ioctl
                0x08007514      0x2d4 src\stm32_ub_sdcard.o
                0x08007514                MMC_disk_ioctl
 .text.init_gpio
                0x080077e8       0x3c src\stm32_ub_sdcard.o
                0x080077e8                init_gpio
 .text.init_tim
                0x08007824       0x48 src\stm32_ub_sdcard.o
                0x08007824                init_tim
 .text.init_nvic
                0x0800786c       0x34 src\stm32_ub_sdcard.o
                0x0800786c                init_nvic
 .text.init_spi
                0x080078a0       0x38 src\stm32_ub_sdcard.o
                0x080078a0                init_spi
 .text.CS_HIGH  0x080078d8       0x1c src\stm32_ub_sdcard.o
                0x080078d8                CS_HIGH
 .text.CS_LOW   0x080078f4       0x1c src\stm32_ub_sdcard.o
                0x080078f4                CS_LOW
 .text.FCLK_SLOW
                0x08007910       0x38 src\stm32_ub_sdcard.o
                0x08007910                FCLK_SLOW
 .text.FCLK_FAST
                0x08007948       0x30 src\stm32_ub_sdcard.o
                0x08007948                FCLK_FAST
 .text.SD_Detect
                0x08007978       0x18 src\stm32_ub_sdcard.o
                0x08007978                SD_Detect
 .text.xchg_spi
                0x08007990       0x24 src\stm32_ub_sdcard.o
 .text.rcvr_spi_multi
                0x080079b4       0x34 src\stm32_ub_sdcard.o
 .text.xmit_spi_multi
                0x080079e8       0x32 src\stm32_ub_sdcard.o
 *fill*         0x08007a1a        0x2 
 .text.wait_ready
                0x08007a1c       0x40 src\stm32_ub_sdcard.o
 .text.deselect
                0x08007a5c       0x12 src\stm32_ub_sdcard.o
 .text.select   0x08007a6e       0x2a src\stm32_ub_sdcard.o
 .text.rcvr_datablock
                0x08007a98       0x54 src\stm32_ub_sdcard.o
 .text.xmit_datablock
                0x08007aec       0x64 src\stm32_ub_sdcard.o
 .text.send_cmd
                0x08007b50       0xde src\stm32_ub_sdcard.o
 *fill*         0x08007c2e        0x2 
 .text.disk_timerproc
                0x08007c30       0x7c src\stm32_ub_sdcard.o
                0x08007c30                disk_timerproc
 .text.TIM6_DAC_IRQHandler
                0x08007cac       0x18 src\stm32_ub_sdcard.o
                0x08007cac                TIM6_DAC_IRQHandler
 .text.UB_SPI2_Init
                0x08007cc4      0x188 src\stm32_ub_spi2.o
                0x08007cc4                UB_SPI2_Init
 .text.UB_SPI2_SendByte
                0x08007e4c       0x54 src\stm32_ub_spi2.o
                0x08007e4c                UB_SPI2_SendByte
 .text.UB_USBDisk_Init
                0x08007ea0        0xe src\stm32_ub_usbdisk.o
                0x08007ea0                UB_USBDisk_Init
 .text.USB_disk_initialize
                0x08007eae       0x1a src\stm32_ub_usbdisk.o
                0x08007eae                USB_disk_initialize
 .text.USB_disk_status
                0x08007ec8       0x1a src\stm32_ub_usbdisk.o
                0x08007ec8                USB_disk_status
 .text.USB_disk_read
                0x08007ee2       0x22 src\stm32_ub_usbdisk.o
                0x08007ee2                USB_disk_read
 .text.USB_disk_write
                0x08007f04       0x22 src\stm32_ub_usbdisk.o
                0x08007f04                USB_disk_write
 .text.USB_disk_ioctl
                0x08007f26       0x20 src\stm32_ub_usbdisk.o
                0x08007f26                USB_disk_ioctl
 .text.NMI_Handler
                0x08007f46        0xe src\stm32f4xx_it.o
                0x08007f46                NMI_Handler
 .text.HardFault_Handler
                0x08007f54        0x6 src\stm32f4xx_it.o
                0x08007f54                HardFault_Handler
 .text.MemManage_Handler
                0x08007f5a        0x6 src\stm32f4xx_it.o
                0x08007f5a                MemManage_Handler
 .text.BusFault_Handler
                0x08007f60        0x6 src\stm32f4xx_it.o
                0x08007f60                BusFault_Handler
 .text.UsageFault_Handler
                0x08007f66        0x6 src\stm32f4xx_it.o
                0x08007f66                UsageFault_Handler
 .text.SVC_Handler
                0x08007f6c        0xe src\stm32f4xx_it.o
                0x08007f6c                SVC_Handler
 .text.DebugMon_Handler
                0x08007f7a        0xe src\stm32f4xx_it.o
                0x08007f7a                DebugMon_Handler
 .text.PendSV_Handler
                0x08007f88        0xe src\stm32f4xx_it.o
                0x08007f88                PendSV_Handler
 .text.SysTick_Handler
                0x08007f96       0x10 src\stm32f4xx_it.o
                0x08007f96                SysTick_Handler
 *fill*         0x08007fa6        0x2 
 .text.SystemInit
                0x08007fa8       0x6c src\system_stm32f4xx.o
                0x08007fa8                SystemInit
 .text.SetSysClock
                0x08008014       0xf8 src\system_stm32f4xx.o
 .text.TM_RTC_Init
                0x0800810c      0x120 src\tm_stm32f4_rtc.o
                0x0800810c                TM_RTC_Init
 .text.TM_RTC_SetDateTime
                0x0800822c      0x284 src\tm_stm32f4_rtc.o
                0x0800822c                TM_RTC_SetDateTime
 .text.TM_RTC_GetDateTime
                0x080084b0       0xa0 src\tm_stm32f4_rtc.o
                0x080084b0                TM_RTC_GetDateTime
 .text.TM_RTC_Config
                0x08008550       0x78 src\tm_stm32f4_rtc.o
                0x08008550                TM_RTC_Config
 .text.TM_RTC_Interrupts
                0x080085c8      0x144 src\tm_stm32f4_rtc.o
                0x080085c8                TM_RTC_Interrupts
 .text.TM_RTC_GetUnixTimeStamp
                0x0800870c      0x170 src\tm_stm32f4_rtc.o
                0x0800870c                TM_RTC_GetUnixTimeStamp
 .text.TM_RTC_AlarmAHandler
                0x0800887c        0xe src\tm_stm32f4_rtc.o
                0x0800887c                TM_RTC_AlarmAHandler
 .text.TM_RTC_AlarmBHandler
                0x0800888a        0xe src\tm_stm32f4_rtc.o
                0x0800888a                TM_RTC_AlarmBHandler
 .text.RTC_WKUP_IRQHandler
                0x08008898       0x30 src\tm_stm32f4_rtc.o
                0x08008898                RTC_WKUP_IRQHandler
 .text.RTC_Alarm_IRQHandler
                0x080088c8       0x48 src\tm_stm32f4_rtc.o
                0x080088c8                RTC_Alarm_IRQHandler
 .text.__libc_init_array
                0x08008910       0x48 c:/program files (x86)/atollic/truestudio for stm32 9.3.0/armtools/bin/../lib/gcc/arm-atollic-eabi/6.3.1/../../../../arm-atollic-eabi/lib/armv7e-m/fpu\libc.a(lib_a-init.o)
                0x08008910                __libc_init_array
 .text.sprintf  0x08008958       0x48 c:/program files (x86)/atollic/truestudio for stm32 9.3.0/armtools/bin/../lib/gcc/arm-atollic-eabi/6.3.1/../../../../arm-atollic-eabi/lib/armv7e-m/fpu\libc.a(lib_a-sprintf.o)
                0x08008958                sprintf
 .text._svfprintf_r
                0x080089a0      0xfa8 c:/program files (x86)/atollic/truestudio for stm32 9.3.0/armtools/bin/../lib/gcc/arm-atollic-eabi/6.3.1/../../../../arm-atollic-eabi/lib/armv7e-m/fpu\libc.a(lib_a-svfprintf.o)
                0x080089a0                _svfprintf_r
 .text.quorem   0x08009948      0x118 c:/program files (x86)/atollic/truestudio for stm32 9.3.0/armtools/bin/../lib/gcc/arm-atollic-eabi/6.3.1/../../../../arm-atollic-eabi/lib/armv7e-m/fpu\libc.a(lib_a-dtoa.o)
 .text._dtoa_r  0x08009a60      0xb9c c:/program files (x86)/atollic/truestudio for stm32 9.3.0/armtools/bin/../lib/gcc/arm-atollic-eabi/6.3.1/../../../../arm-atollic-eabi/lib/armv7e-m/fpu\libc.a(lib_a-dtoa.o)
                0x08009a60                _dtoa_r
 .text._localeconv_r
                0x0800a5fc       0x1c c:/program files (x86)/atollic/truestudio for stm32 9.3.0/armtools/bin/../lib/gcc/arm-atollic-eabi/6.3.1/../../../../arm-atollic-eabi/lib/armv7e-m/fpu\libc.a(lib_a-localeconv.o)
                0x0800a5fc                _localeconv_r
 .text.malloc   0x0800a618       0x10 c:/program files (x86)/atollic/truestudio for stm32 9.3.0/armtools/bin/../lib/gcc/arm-atollic-eabi/6.3.1/../../../../arm-atollic-eabi/lib/armv7e-m/fpu\libc.a(lib_a-malloc.o)
                0x0800a618                malloc
 .text._malloc_r
                0x0800a628      0x41c c:/program files (x86)/atollic/truestudio for stm32 9.3.0/armtools/bin/../lib/gcc/arm-atollic-eabi/6.3.1/../../../../arm-atollic-eabi/lib/armv7e-m/fpu\libc.a(lib_a-mallocr.o)
                0x0800a628                _malloc_r
 .text.memcpy   0x0800aa44       0x16 c:/program files (x86)/atollic/truestudio for stm32 9.3.0/armtools/bin/../lib/gcc/arm-atollic-eabi/6.3.1/../../../../arm-atollic-eabi/lib/armv7e-m/fpu\libc.a(lib_a-memcpy-stub.o)
                0x0800aa44                memcpy
 *fill*         0x0800aa5a        0x2 
 .text.__malloc_lock
                0x0800aa5c        0xc c:/program files (x86)/atollic/truestudio for stm32 9.3.0/armtools/bin/../lib/gcc/arm-atollic-eabi/6.3.1/../../../../arm-atollic-eabi/lib/armv7e-m/fpu\libc.a(lib_a-mlock.o)
                0x0800aa5c                __malloc_lock
 .text.__malloc_unlock
                0x0800aa68        0xc c:/program files (x86)/atollic/truestudio for stm32 9.3.0/armtools/bin/../lib/gcc/arm-atollic-eabi/6.3.1/../../../../arm-atollic-eabi/lib/armv7e-m/fpu\libc.a(lib_a-mlock.o)
                0x0800aa68                __malloc_unlock
 .text._Balloc  0x0800aa74       0x68 c:/program files (x86)/atollic/truestudio for stm32 9.3.0/armtools/bin/../lib/gcc/arm-atollic-eabi/6.3.1/../../../../arm-atollic-eabi/lib/armv7e-m/fpu\libc.a(lib_a-mprec.o)
                0x0800aa74                _Balloc
 .text._Bfree   0x0800aadc       0x2e c:/program files (x86)/atollic/truestudio for stm32 9.3.0/armtools/bin/../lib/gcc/arm-atollic-eabi/6.3.1/../../../../arm-atollic-eabi/lib/armv7e-m/fpu\libc.a(lib_a-mprec.o)
                0x0800aadc                _Bfree
 .text.__multadd
                0x0800ab0a       0x76 c:/program files (x86)/atollic/truestudio for stm32 9.3.0/armtools/bin/../lib/gcc/arm-atollic-eabi/6.3.1/../../../../arm-atollic-eabi/lib/armv7e-m/fpu\libc.a(lib_a-mprec.o)
                0x0800ab0a                __multadd
 .text.__hi0bits
                0x0800ab80       0x3e c:/program files (x86)/atollic/truestudio for stm32 9.3.0/armtools/bin/../lib/gcc/arm-atollic-eabi/6.3.1/../../../../arm-atollic-eabi/lib/armv7e-m/fpu\libc.a(lib_a-mprec.o)
                0x0800ab80                __hi0bits
 .text.__lo0bits
                0x0800abbe       0x5e c:/program files (x86)/atollic/truestudio for stm32 9.3.0/armtools/bin/../lib/gcc/arm-atollic-eabi/6.3.1/../../../../arm-atollic-eabi/lib/armv7e-m/fpu\libc.a(lib_a-mprec.o)
                0x0800abbe                __lo0bits
 .text.__i2b    0x0800ac1c       0x12 c:/program files (x86)/atollic/truestudio for stm32 9.3.0/armtools/bin/../lib/gcc/arm-atollic-eabi/6.3.1/../../../../arm-atollic-eabi/lib/armv7e-m/fpu\libc.a(lib_a-mprec.o)
                0x0800ac1c                __i2b
 .text.__multiply
                0x0800ac2e      0x11a c:/program files (x86)/atollic/truestudio for stm32 9.3.0/armtools/bin/../lib/gcc/arm-atollic-eabi/6.3.1/../../../../arm-atollic-eabi/lib/armv7e-m/fpu\libc.a(lib_a-mprec.o)
                0x0800ac2e                __multiply
 .text.__pow5mult
                0x0800ad48       0x9c c:/program files (x86)/atollic/truestudio for stm32 9.3.0/armtools/bin/../lib/gcc/arm-atollic-eabi/6.3.1/../../../../arm-atollic-eabi/lib/armv7e-m/fpu\libc.a(lib_a-mprec.o)
                0x0800ad48                __pow5mult
 .text.__lshift
                0x0800ade4       0xa2 c:/program files (x86)/atollic/truestudio for stm32 9.3.0/armtools/bin/../lib/gcc/arm-atollic-eabi/6.3.1/../../../../arm-atollic-eabi/lib/armv7e-m/fpu\libc.a(lib_a-mprec.o)
                0x0800ade4                __lshift
 .text.__mcmp   0x0800ae86       0x34 c:/program files (x86)/atollic/truestudio for stm32 9.3.0/armtools/bin/../lib/gcc/arm-atollic-eabi/6.3.1/../../../../arm-atollic-eabi/lib/armv7e-m/fpu\libc.a(lib_a-mprec.o)
                0x0800ae86                __mcmp
 .text.__mdiff  0x0800aeba       0xbc c:/program files (x86)/atollic/truestudio for stm32 9.3.0/armtools/bin/../lib/gcc/arm-atollic-eabi/6.3.1/../../../../arm-atollic-eabi/lib/armv7e-m/fpu\libc.a(lib_a-mprec.o)
                0x0800aeba                __mdiff
 .text.__d2b    0x0800af76       0x9e c:/program files (x86)/atollic/truestudio for stm32 9.3.0/armtools/bin/../lib/gcc/arm-atollic-eabi/6.3.1/../../../../arm-atollic-eabi/lib/armv7e-m/fpu\libc.a(lib_a-mprec.o)
                0x0800af76                __d2b
 .text._sbrk_r  0x0800b014       0x20 c:/program files (x86)/atollic/truestudio for stm32 9.3.0/armtools/bin/../lib/gcc/arm-atollic-eabi/6.3.1/../../../../arm-atollic-eabi/lib/armv7e-m/fpu\libc.a(lib_a-sbrkr.o)
                0x0800b014                _sbrk_r
 .text.__ssprint_r
                0x0800b034       0xf4 c:/program files (x86)/atollic/truestudio for stm32 9.3.0/armtools/bin/../lib/gcc/arm-atollic-eabi/6.3.1/../../../../arm-atollic-eabi/lib/armv7e-m/fpu\libc.a(lib_a-svfiprintf.o)
                0x0800b034                __ssprint_r
 .text._calloc_r
                0x0800b128       0x5a c:/program files (x86)/atollic/truestudio for stm32 9.3.0/armtools/bin/../lib/gcc/arm-atollic-eabi/6.3.1/../../../../arm-atollic-eabi/lib/armv7e-m/fpu\libc.a(lib_a-callocr.o)
                0x0800b128                _calloc_r
 *fill*         0x0800b182        0x2 
 .text._malloc_trim_r
                0x0800b184       0xac c:/program files (x86)/atollic/truestudio for stm32 9.3.0/armtools/bin/../lib/gcc/arm-atollic-eabi/6.3.1/../../../../arm-atollic-eabi/lib/armv7e-m/fpu\libc.a(lib_a-freer.o)
                0x0800b184                _malloc_trim_r
 .text._free_r  0x0800b230      0x178 c:/program files (x86)/atollic/truestudio for stm32 9.3.0/armtools/bin/../lib/gcc/arm-atollic-eabi/6.3.1/../../../../arm-atollic-eabi/lib/armv7e-m/fpu\libc.a(lib_a-freer.o)
                0x0800b230                _free_r
 .text.__retarget_lock_acquire_recursive
                0x0800b3a8        0x2 c:/program files (x86)/atollic/truestudio for stm32 9.3.0/armtools/bin/../lib/gcc/arm-atollic-eabi/6.3.1/../../../../arm-atollic-eabi/lib/armv7e-m/fpu\libc.a(lib_a-lock.o)
                0x0800b3a8                __retarget_lock_acquire_recursive
 .text.__retarget_lock_release_recursive
                0x0800b3aa        0x2 c:/program files (x86)/atollic/truestudio for stm32 9.3.0/armtools/bin/../lib/gcc/arm-atollic-eabi/6.3.1/../../../../arm-atollic-eabi/lib/armv7e-m/fpu\libc.a(lib_a-lock.o)
                0x0800b3aa                __retarget_lock_release_recursive
 .text.__ascii_mbtowc
                0x0800b3ac       0x24 c:/program files (x86)/atollic/truestudio for stm32 9.3.0/armtools/bin/../lib/gcc/arm-atollic-eabi/6.3.1/../../../../arm-atollic-eabi/lib/armv7e-m/fpu\libc.a(lib_a-mbtowc_r.o)
                0x0800b3ac                __ascii_mbtowc
 .text.memmove  0x0800b3d0       0x34 c:/program files (x86)/atollic/truestudio for stm32 9.3.0/armtools/bin/../lib/gcc/arm-atollic-eabi/6.3.1/../../../../arm-atollic-eabi/lib/armv7e-m/fpu\libc.a(lib_a-memmove.o)
                0x0800b3d0                memmove
 .text.memset   0x0800b404       0x10 c:/program files (x86)/atollic/truestudio for stm32 9.3.0/armtools/bin/../lib/gcc/arm-atollic-eabi/6.3.1/../../../../arm-atollic-eabi/lib/armv7e-m/fpu\libc.a(lib_a-memset.o)
                0x0800b404                memset
 .text._realloc_r
                0x0800b414      0x300 c:/program files (x86)/atollic/truestudio for stm32 9.3.0/armtools/bin/../lib/gcc/arm-atollic-eabi/6.3.1/../../../../arm-atollic-eabi/lib/armv7e-m/fpu\libc.a(lib_a-reallocr.o)
                0x0800b414                _realloc_r
 .text.__ascii_wctomb
                0x0800b714       0x1a c:/program files (x86)/atollic/truestudio for stm32 9.3.0/armtools/bin/../lib/gcc/arm-atollic-eabi/6.3.1/../../../../arm-atollic-eabi/lib/armv7e-m/fpu\libc.a(lib_a-wctomb_r.o)
                0x0800b714                __ascii_wctomb
 *fill*         0x0800b72e        0x2 
 .text._sbrk    0x0800b730       0x1c c:/program files (x86)/atollic/truestudio for stm32 9.3.0/armtools/bin/../lib/gcc/arm-atollic-eabi/6.3.1/../../../../arm-atollic-eabi/lib/armv7e-m/fpu\libnosys.a(sbrk.o)
                0x0800b730                _sbrk
 *(.glue_7)
 .glue_7        0x0800b74c        0x0 linker stubs
 *(.glue_7t)
 .glue_7t       0x0800b74c        0x0 linker stubs
 *(.eh_frame)
 .eh_frame      0x0800b74c        0x0 c:/program files (x86)/atollic/truestudio for stm32 9.3.0/armtools/bin/../lib/gcc/arm-atollic-eabi/6.3.1/armv7e-m/fpu/crtbegin.o
 *(.init)
 .init          0x0800b74c        0x4 c:/program files (x86)/atollic/truestudio for stm32 9.3.0/armtools/bin/../lib/gcc/arm-atollic-eabi/6.3.1/armv7e-m/fpu/crti.o
                0x0800b74c                _init
 .init          0x0800b750        0x8 c:/program files (x86)/atollic/truestudio for stm32 9.3.0/armtools/bin/../lib/gcc/arm-atollic-eabi/6.3.1/armv7e-m/fpu/crtn.o
 *(.fini)
 .fini          0x0800b758        0x4 c:/program files (x86)/atollic/truestudio for stm32 9.3.0/armtools/bin/../lib/gcc/arm-atollic-eabi/6.3.1/armv7e-m/fpu/crti.o
                0x0800b758                _fini
 .fini          0x0800b75c        0x8 c:/program files (x86)/atollic/truestudio for stm32 9.3.0/armtools/bin/../lib/gcc/arm-atollic-eabi/6.3.1/armv7e-m/fpu/crtn.o
                0x0800b764                . = ALIGN (0x4)
                0x0800b764                _etext = .

.vfp11_veneer   0x0800b764        0x0
 .vfp11_veneer  0x0800b764        0x0 linker stubs

.v4_bx          0x0800b764        0x0
 .v4_bx         0x0800b764        0x0 linker stubs

.iplt           0x0800b764        0x0
 .iplt          0x0800b764        0x0 c:/program files (x86)/atollic/truestudio for stm32 9.3.0/armtools/bin/../lib/gcc/arm-atollic-eabi/6.3.1/armv7e-m/fpu/crtbegin.o

.rodata         0x0800b768      0x608
                0x0800b768                . = ALIGN (0x4)
 *(.rodata)
 .rodata        0x0800b768        0xf src\ff.o
 *fill*         0x0800b777        0x1 
 .rodata        0x0800b778      0x300 src\main.o
 .rodata        0x0800ba78        0x7 src\stm32_ub_fatfs.o
 *(.rodata*)
 *fill*         0x0800ba7f        0x1 
 .rodata.ExCvt  0x0800ba80       0x80 src\ff.o
 .rodata._svfprintf_r.str1.1
                0x0800bb00       0x34 c:/program files (x86)/atollic/truestudio for stm32 9.3.0/armtools/bin/../lib/gcc/arm-atollic-eabi/6.3.1/../../../../arm-atollic-eabi/lib/armv7e-m/fpu\libc.a(lib_a-svfprintf.o)
 .rodata.blanks.8359
                0x0800bb34       0x10 c:/program files (x86)/atollic/truestudio for stm32 9.3.0/armtools/bin/../lib/gcc/arm-atollic-eabi/6.3.1/../../../../arm-atollic-eabi/lib/armv7e-m/fpu\libc.a(lib_a-svfprintf.o)
 .rodata.zeroes.8360
                0x0800bb44       0x10 c:/program files (x86)/atollic/truestudio for stm32 9.3.0/armtools/bin/../lib/gcc/arm-atollic-eabi/6.3.1/../../../../arm-atollic-eabi/lib/armv7e-m/fpu\libc.a(lib_a-svfprintf.o)
 .rodata._dtoa_r.str1.1
                0x0800bb54        0xd c:/program files (x86)/atollic/truestudio for stm32 9.3.0/armtools/bin/../lib/gcc/arm-atollic-eabi/6.3.1/../../../../arm-atollic-eabi/lib/armv7e-m/fpu\libc.a(lib_a-dtoa.o)
                                  0xf (size before relaxing)
 *fill*         0x0800bb61        0x7 
 .rodata.__mprec_bigtens
                0x0800bb68       0x28 c:/program files (x86)/atollic/truestudio for stm32 9.3.0/armtools/bin/../lib/gcc/arm-atollic-eabi/6.3.1/../../../../arm-atollic-eabi/lib/armv7e-m/fpu\libc.a(lib_a-mprec.o)
                0x0800bb68                __mprec_bigtens
 .rodata.__mprec_tens
                0x0800bb90       0xc8 c:/program files (x86)/atollic/truestudio for stm32 9.3.0/armtools/bin/../lib/gcc/arm-atollic-eabi/6.3.1/../../../../arm-atollic-eabi/lib/armv7e-m/fpu\libc.a(lib_a-mprec.o)
                0x0800bb90                __mprec_tens
 .rodata.p05.7196
                0x0800bc58        0xc c:/program files (x86)/atollic/truestudio for stm32 9.3.0/armtools/bin/../lib/gcc/arm-atollic-eabi/6.3.1/../../../../arm-atollic-eabi/lib/armv7e-m/fpu\libc.a(lib_a-mprec.o)
 .rodata._setlocale_r.str1.1
                0x0800bc64        0x8 c:/program files (x86)/atollic/truestudio for stm32 9.3.0/armtools/bin/../lib/gcc/arm-atollic-eabi/6.3.1/../../../../arm-atollic-eabi/lib/armv7e-m/fpu\libc.a(lib_a-locale.o)
                                  0x9 (size before relaxing)
 .rodata.str1.1
                0x0800bc6c        0x2 c:/program files (x86)/atollic/truestudio for stm32 9.3.0/armtools/bin/../lib/gcc/arm-atollic-eabi/6.3.1/../../../../arm-atollic-eabi/lib/armv7e-m/fpu\libc.a(lib_a-locale.o)
 .rodata._ctype_
                0x0800bc6e      0x101 c:/program files (x86)/atollic/truestudio for stm32 9.3.0/armtools/bin/../lib/gcc/arm-atollic-eabi/6.3.1/../../../../arm-atollic-eabi/lib/armv7e-m/fpu\libc.a(lib_a-ctype_.o)
                0x0800bc6e                _ctype_
                0x0800bd70                . = ALIGN (0x4)
 *fill*         0x0800bd6f        0x1 

.ARM.extab
 *(.ARM.extab* .gnu.linkonce.armextab.*)

.ARM            0x0800bd70        0x8
                0x0800bd70                __exidx_start = .
 *(.ARM.exidx*)
 .ARM.exidx     0x0800bd70        0x8 c:/program files (x86)/atollic/truestudio for stm32 9.3.0/armtools/bin/../lib/gcc/arm-atollic-eabi/6.3.1/armv7e-m/fpu\libgcc.a(_udivmoddi4.o)
                0x0800bd78                __exidx_end = .

.rel.dyn        0x0800bd78        0x0
 .rel.iplt      0x0800bd78        0x0 c:/program files (x86)/atollic/truestudio for stm32 9.3.0/armtools/bin/../lib/gcc/arm-atollic-eabi/6.3.1/armv7e-m/fpu/crtbegin.o

.preinit_array  0x0800bd78        0x0
                0x0800bd78                PROVIDE (__preinit_array_start, .)
 *(.preinit_array*)
                0x0800bd78                PROVIDE (__preinit_array_end, .)

.init_array     0x0800bd78        0x4
                0x0800bd78                PROVIDE (__init_array_start, .)
 *(SORT(.init_array.*))
 *(.init_array*)
 .init_array    0x0800bd78        0x4 c:/program files (x86)/atollic/truestudio for stm32 9.3.0/armtools/bin/../lib/gcc/arm-atollic-eabi/6.3.1/armv7e-m/fpu/crtbegin.o
                0x0800bd7c                PROVIDE (__init_array_end, .)

.fini_array     0x0800bd7c        0x4
                [!provide]                PROVIDE (__fini_array_start, .)
 *(SORT(.fini_array.*))
 *(.fini_array*)
 .fini_array    0x0800bd7c        0x4 c:/program files (x86)/atollic/truestudio for stm32 9.3.0/armtools/bin/../lib/gcc/arm-atollic-eabi/6.3.1/armv7e-m/fpu/crtbegin.o
                [!provide]                PROVIDE (__fini_array_end, .)
                0x0800bd80                _sidata = LOADADDR (.data)

.data           0x20000000      0x74c load address 0x0800bd80
                0x20000000                . = ALIGN (0x4)
                0x20000000                _sdata = .
 *(.data)
 *(.data*)
 .data.APBAHBPrescTable
                0x20000000       0x10 Libraries\STM32F4xx_StdPeriph_Driver\src\stm32f4xx_rcc.o
 .data.variable
                0x20000010        0x4 src\main.o
                0x20000010                variable
 .data.LCD_4X20
                0x20000014       0x78 src\stm32_ub_lcd_4x20.o
                0x20000014                LCD_4X20
 .data.Stat     0x2000008c        0x1 src\stm32_ub_sdcard.o
 *fill*         0x2000008d        0x3 
 .data.SPI2DEV  0x20000090       0x30 src\stm32_ub_spi2.o
                0x20000090                SPI2DEV
 .data.SystemCoreClock
                0x200000c0        0x4 src\system_stm32f4xx.o
                0x200000c0                SystemCoreClock
 .data.TM_RTC_Months
                0x200000c4       0x18 src\tm_stm32f4_rtc.o
                0x200000c4                TM_RTC_Months
 .data._impure_ptr
                0x200000dc        0x4 c:/program files (x86)/atollic/truestudio for stm32 9.3.0/armtools/bin/../lib/gcc/arm-atollic-eabi/6.3.1/../../../../arm-atollic-eabi/lib/armv7e-m/fpu\libc.a(lib_a-impure.o)
                0x200000dc                _impure_ptr
 .data.impure_data
                0x200000e0       0xf0 c:/program files (x86)/atollic/truestudio for stm32 9.3.0/armtools/bin/../lib/gcc/arm-atollic-eabi/6.3.1/../../../../arm-atollic-eabi/lib/armv7e-m/fpu\libc.a(lib_a-impure.o)
 .data.__malloc_av_
                0x200001d0      0x408 c:/program files (x86)/atollic/truestudio for stm32 9.3.0/armtools/bin/../lib/gcc/arm-atollic-eabi/6.3.1/../../../../arm-atollic-eabi/lib/armv7e-m/fpu\libc.a(lib_a-mallocr.o)
                0x200001d0                __malloc_av_
 .data.__malloc_sbrk_base
                0x200005d8        0x4 c:/program files (x86)/atollic/truestudio for stm32 9.3.0/armtools/bin/../lib/gcc/arm-atollic-eabi/6.3.1/../../../../arm-atollic-eabi/lib/armv7e-m/fpu\libc.a(lib_a-mallocr.o)
                0x200005d8                __malloc_sbrk_base
 .data.__malloc_trim_threshold
                0x200005dc        0x4 c:/program files (x86)/atollic/truestudio for stm32 9.3.0/armtools/bin/../lib/gcc/arm-atollic-eabi/6.3.1/../../../../arm-atollic-eabi/lib/armv7e-m/fpu\libc.a(lib_a-mallocr.o)
                0x200005dc                __malloc_trim_threshold
 .data.__global_locale
                0x200005e0      0x16c c:/program files (x86)/atollic/truestudio for stm32 9.3.0/armtools/bin/../lib/gcc/arm-atollic-eabi/6.3.1/../../../../arm-atollic-eabi/lib/armv7e-m/fpu\libc.a(lib_a-locale.o)
                0x200005e0                __global_locale
                0x2000074c                . = ALIGN (0x4)
                0x2000074c                _edata = .
                0x0800c4cc                _siccmram = LOADADDR (.ccmram)

.igot.plt       0x2000074c        0x0 load address 0x0800c4cc
 .igot.plt      0x2000074c        0x0 c:/program files (x86)/atollic/truestudio for stm32 9.3.0/armtools/bin/../lib/gcc/arm-atollic-eabi/6.3.1/armv7e-m/fpu/crtbegin.o

.ccmram         0x10000000        0x0 load address 0x0800c4cc
                0x10000000                . = ALIGN (0x4)
                0x10000000                _sccmram = .
 *(.ccmram)
 *(.ccmram*)
                0x10000000                . = ALIGN (0x4)
                0x10000000                _eccmram = .
                0x10000000                . = ALIGN (0x4)

.bss            0x2000074c      0x6a8
                0x2000074c                _sbss = .
                0x2000074c                __bss_start__ = _sbss
 *(.bss)
 .bss           0x2000074c       0x1c c:/program files (x86)/atollic/truestudio for stm32 9.3.0/armtools/bin/../lib/gcc/arm-atollic-eabi/6.3.1/armv7e-m/fpu/crtbegin.o
 *(.bss*)
 .bss.Presence  0x20000768        0x1 src\DHT.o
                0x20000768                Presence
 *fill*         0x20000769        0x3 
 .bss.TimingDelay
                0x2000076c        0x4 src\DHT.o
                0x2000076c                TimingDelay
 .bss.Response  0x20000770        0x1 src\DHT.o
                0x20000770                Response
 *fill*         0x20000771        0x3 
 .bss.FatFs     0x20000774        0x4 src\ff.o
 .bss.Fsid      0x20000778        0x2 src\ff.o
 *fill*         0x2000077a        0x2 
 .bss.boton     0x2000077c        0x4 src\main.o
                0x2000077c                boton
 .bss.aux       0x20000780        0x4 src\main.o
                0x20000780                aux
 .bss.flecha    0x20000784        0x4 src\main.o
                0x20000784                flecha
 .bss.enter     0x20000788        0x4 src\main.o
                0x20000788                enter
 .bss.atras     0x2000078c        0x4 src\main.o
                0x2000078c                atras
 .bss.humedadTierra
                0x20000790        0x4 src\main.o
                0x20000790                humedadTierra
 .bss.AlarmaTierra
                0x20000794        0x4 src\main.o
                0x20000794                AlarmaTierra
 .bss.HoraAlarmaInicio
                0x20000798        0x4 src\main.o
                0x20000798                HoraAlarmaInicio
 .bss.HoraAlarmaFinal
                0x2000079c        0x4 src\main.o
                0x2000079c                HoraAlarmaFinal
 .bss.MinutosAlarmaInicio
                0x200007a0        0x4 src\main.o
                0x200007a0                MinutosAlarmaInicio
 .bss.MinutosAlarmaFinal
                0x200007a4        0x4 src\main.o
                0x200007a4                MinutosAlarmaFinal
 .bss.EnviarDatos
                0x200007a8        0x4 src\main.o
                0x200007a8                EnviarDatos
 .bss.contador  0x200007ac        0x4 src\main.o
                0x200007ac                contador
 .bss.Temperature
                0x200007b0        0x4 src\main.o
                0x200007b0                Temperature
 .bss.Humidity  0x200007b4        0x4 src\main.o
                0x200007b4                Humidity
 .bss.AlarmaTemperatura
                0x200007b8        0x4 src\main.o
                0x200007b8                AlarmaTemperatura
 .bss.AlarmaAire
                0x200007bc        0x4 src\main.o
                0x200007bc                AlarmaAire
 .bss.FileSystemObject
                0x200007c0      0x230 src\stm32_ub_fatfs.o
 .bss.Timer1    0x200009f0        0x4 src\stm32_ub_sdcard.o
 .bss.Timer2    0x200009f4        0x4 src\stm32_ub_sdcard.o
 .bss.CardType  0x200009f8        0x1 src\stm32_ub_sdcard.o
 .bss.init_ok.8663
                0x200009f9        0x1 src\stm32_ub_spi2.o
 .bss.init_mode.8664
                0x200009fa        0x1 src\stm32_ub_spi2.o
 *fill*         0x200009fb        0x1 
 .bss.TM_RTC_Status
                0x200009fc        0x4 src\tm_stm32f4_rtc.o
                0x200009fc                TM_RTC_Status
 .bss.__malloc_current_mallinfo
                0x20000a00       0x28 c:/program files (x86)/atollic/truestudio for stm32 9.3.0/armtools/bin/../lib/gcc/arm-atollic-eabi/6.3.1/../../../../arm-atollic-eabi/lib/armv7e-m/fpu\libc.a(lib_a-mallocr.o)
                0x20000a00                __malloc_current_mallinfo
 .bss.__malloc_max_sbrked_mem
                0x20000a28        0x4 c:/program files (x86)/atollic/truestudio for stm32 9.3.0/armtools/bin/../lib/gcc/arm-atollic-eabi/6.3.1/../../../../arm-atollic-eabi/lib/armv7e-m/fpu\libc.a(lib_a-mallocr.o)
                0x20000a28                __malloc_max_sbrked_mem
 .bss.__malloc_max_total_mem
                0x20000a2c        0x4 c:/program files (x86)/atollic/truestudio for stm32 9.3.0/armtools/bin/../lib/gcc/arm-atollic-eabi/6.3.1/../../../../arm-atollic-eabi/lib/armv7e-m/fpu\libc.a(lib_a-mallocr.o)
                0x20000a2c                __malloc_max_total_mem
 .bss.__malloc_top_pad
                0x20000a30        0x4 c:/program files (x86)/atollic/truestudio for stm32 9.3.0/armtools/bin/../lib/gcc/arm-atollic-eabi/6.3.1/../../../../arm-atollic-eabi/lib/armv7e-m/fpu\libc.a(lib_a-mallocr.o)
                0x20000a30                __malloc_top_pad
 .bss.heap_end.5239
                0x20000a34        0x4 c:/program files (x86)/atollic/truestudio for stm32 9.3.0/armtools/bin/../lib/gcc/arm-atollic-eabi/6.3.1/../../../../arm-atollic-eabi/lib/armv7e-m/fpu\libnosys.a(sbrk.o)
 *(COMMON)
 COMMON         0x20000a38      0x38c src\main.o
                0x20000a38                TemperaturaLCD
                0x20000a4c                Timing
                0x20000a50                HorarioSD
                0x20000a64                HumedadTierraSD
                0x20000a84                FechaSD
                0x20000a98                HorarioBLUE
                0x20000aac                TemperaturaSD
                0x20000acc                HumedadAireSD
                0x20000aec                Datos
                0x20000d10                HumedadAireLCD
                0x20000d24                DHT11_Data
                0x20000d2c                TemperaturaBLUE
                0x20000d40                HorarioLCD
                0x20000d54                HumedadTierraLCD
                0x20000d68                DataTime
                0x20000d78                adc_cuentas
                0x20000d7c                Fecha
                0x20000d90                HumedadAireBLUE
                0x20000da4                EXTI_InitStructure
                0x20000dac                HumedadTierraBLUE
                0x20000dc0                time_ms
 COMMON         0x20000dc4       0x20 src\tm_stm32f4_rtc.o
                0x20000dc4                RTC_TimeStruct
                0x20000dc8                RTC_InitStruct
                0x20000dd4                RTC_DateStruct
                0x20000dd8                NVIC_InitStruct
                0x20000ddc                EXTI_InitStruct
 COMMON         0x20000de4        0x9 c:/program files (x86)/atollic/truestudio for stm32 9.3.0/armtools/bin/../lib/gcc/arm-atollic-eabi/6.3.1/../../../../arm-atollic-eabi/lib/armv7e-m/fpu\libc.a(lib_a-lock.o)
                0x20000de4                __lock___atexit_recursive_mutex
                0x20000de5                __lock___arc4random_mutex
                0x20000de6                __lock___env_recursive_mutex
                0x20000de7                __lock___sinit_recursive_mutex
                0x20000de8                __lock___malloc_recursive_mutex
                0x20000de9                __lock___at_quick_exit_mutex
                0x20000dea                __lock___dd_hash_mutex
                0x20000deb                __lock___tz_mutex
                0x20000dec                __lock___sfp_recursive_mutex
 *fill*         0x20000ded        0x3 
 COMMON         0x20000df0        0x4 c:/program files (x86)/atollic/truestudio for stm32 9.3.0/armtools/bin/../lib/gcc/arm-atollic-eabi/6.3.1/../../../../arm-atollic-eabi/lib/armv7e-m/fpu\libc.a(lib_a-reent.o)
                0x20000df0                errno
                0x20000df4                . = ALIGN (0x4)
                0x20000df4                _ebss = .
                0x20000df4                __bss_end__ = _ebss

._user_heap_stack
                0x20000df4      0x400
                0x20000df4                . = ALIGN (0x4)
                0x20000df4                PROVIDE (end, .)
                [!provide]                PROVIDE (_end, .)
                0x20000df4                . = (. + _Min_Heap_Size)
                0x200011f4                . = (. + _Min_Stack_Size)
 *fill*         0x20000df4      0x400 
                0x200011f4                . = ALIGN (0x4)

.memory_b1_text
 *(.mb1text)
 *(.mb1text*)
 *(.mb1rodata)
 *(.mb1rodata*)

/DISCARD/
 libc.a(*)
 libm.a(*)
 libgcc.a(*)

.ARM.attributes
                0x00000000       0x30
 *(.ARM.attributes)
 .ARM.attributes
                0x00000000       0x22 c:/program files (x86)/atollic/truestudio for stm32 9.3.0/armtools/bin/../lib/gcc/arm-atollic-eabi/6.3.1/armv7e-m/fpu/crti.o
 .ARM.attributes
                0x00000022       0x34 c:/program files (x86)/atollic/truestudio for stm32 9.3.0/armtools/bin/../lib/gcc/arm-atollic-eabi/6.3.1/armv7e-m/fpu/crtbegin.o
 .ARM.attributes
                0x00000056       0x39 Libraries\STM32F4xx_StdPeriph_Driver\src\misc.o
 .ARM.attributes
                0x0000008f       0x39 Libraries\STM32F4xx_StdPeriph_Driver\src\stm32f4xx_adc.o
 .ARM.attributes
                0x000000c8       0x39 Libraries\STM32F4xx_StdPeriph_Driver\src\stm32f4xx_exti.o
 .ARM.attributes
                0x00000101       0x39 Libraries\STM32F4xx_StdPeriph_Driver\src\stm32f4xx_gpio.o
 .ARM.attributes
                0x0000013a       0x39 Libraries\STM32F4xx_StdPeriph_Driver\src\stm32f4xx_pwr.o
 .ARM.attributes
                0x00000173       0x39 Libraries\STM32F4xx_StdPeriph_Driver\src\stm32f4xx_rcc.o
 .ARM.attributes
                0x000001ac       0x39 Libraries\STM32F4xx_StdPeriph_Driver\src\stm32f4xx_rtc.o
 .ARM.attributes
                0x000001e5       0x39 Libraries\STM32F4xx_StdPeriph_Driver\src\stm32f4xx_spi.o
 .ARM.attributes
                0x0000021e       0x39 Libraries\STM32F4xx_StdPeriph_Driver\src\stm32f4xx_syscfg.o
 .ARM.attributes
                0x00000257       0x39 Libraries\STM32F4xx_StdPeriph_Driver\src\stm32f4xx_tim.o
 .ARM.attributes
                0x00000290       0x39 Libraries\STM32F4xx_StdPeriph_Driver\src\stm32f4xx_usart.o
 .ARM.attributes
                0x000002c9       0x39 src\DHT.o
 .ARM.attributes
                0x00000302       0x39 src\HC06.o
 .ARM.attributes
                0x0000033b       0x39 src\adc.o
 .ARM.attributes
                0x00000374       0x39 src\diskio.o
 .ARM.attributes
                0x000003ad       0x39 src\ff.o
 .ARM.attributes
                0x000003e6       0x39 src\main.o
 .ARM.attributes
                0x0000041f       0x21 src\startup_stm32f40xx.o
 .ARM.attributes
                0x00000440       0x39 src\stm32_ub_atadrive.o
 .ARM.attributes
                0x00000479       0x39 src\stm32_ub_fatfs.o
 .ARM.attributes
                0x000004b2       0x39 src\stm32_ub_lcd_4x20.o
 .ARM.attributes
                0x000004eb       0x39 src\stm32_ub_sdcard.o
 .ARM.attributes
                0x00000524       0x39 src\stm32_ub_spi2.o
 .ARM.attributes
                0x0000055d       0x39 src\stm32_ub_usbdisk.o
 .ARM.attributes
                0x00000596       0x39 src\stm32f4xx_it.o
 .ARM.attributes
                0x000005cf       0x39 src\system_stm32f4xx.o
 .ARM.attributes
                0x00000608       0x39 src\tm_stm32f4_rtc.o
 .ARM.attributes
                0x00000641       0x34 c:/program files (x86)/atollic/truestudio for stm32 9.3.0/armtools/bin/../lib/gcc/arm-atollic-eabi/6.3.1/../../../../arm-atollic-eabi/lib/armv7e-m/fpu\libc.a(lib_a-init.o)
 .ARM.attributes
                0x00000675       0x34 c:/program files (x86)/atollic/truestudio for stm32 9.3.0/armtools/bin/../lib/gcc/arm-atollic-eabi/6.3.1/../../../../arm-atollic-eabi/lib/armv7e-m/fpu\libc.a(lib_a-sprintf.o)
 .ARM.attributes
                0x000006a9       0x34 c:/program files (x86)/atollic/truestudio for stm32 9.3.0/armtools/bin/../lib/gcc/arm-atollic-eabi/6.3.1/../../../../arm-atollic-eabi/lib/armv7e-m/fpu\libc.a(lib_a-svfprintf.o)
 .ARM.attributes
                0x000006dd       0x34 c:/program files (x86)/atollic/truestudio for stm32 9.3.0/armtools/bin/../lib/gcc/arm-atollic-eabi/6.3.1/../../../../arm-atollic-eabi/lib/armv7e-m/fpu\libc.a(lib_a-dtoa.o)
 .ARM.attributes
                0x00000711       0x34 c:/program files (x86)/atollic/truestudio for stm32 9.3.0/armtools/bin/../lib/gcc/arm-atollic-eabi/6.3.1/../../../../arm-atollic-eabi/lib/armv7e-m/fpu\libc.a(lib_a-impure.o)
 .ARM.attributes
                0x00000745       0x34 c:/program files (x86)/atollic/truestudio for stm32 9.3.0/armtools/bin/../lib/gcc/arm-atollic-eabi/6.3.1/../../../../arm-atollic-eabi/lib/armv7e-m/fpu\libc.a(lib_a-localeconv.o)
 .ARM.attributes
                0x00000779       0x34 c:/program files (x86)/atollic/truestudio for stm32 9.3.0/armtools/bin/../lib/gcc/arm-atollic-eabi/6.3.1/../../../../arm-atollic-eabi/lib/armv7e-m/fpu\libc.a(lib_a-malloc.o)
 .ARM.attributes
                0x000007ad       0x34 c:/program files (x86)/atollic/truestudio for stm32 9.3.0/armtools/bin/../lib/gcc/arm-atollic-eabi/6.3.1/../../../../arm-atollic-eabi/lib/armv7e-m/fpu\libc.a(lib_a-mallocr.o)
 .ARM.attributes
                0x000007e1       0x20 c:/program files (x86)/atollic/truestudio for stm32 9.3.0/armtools/bin/../lib/gcc/arm-atollic-eabi/6.3.1/../../../../arm-atollic-eabi/lib/armv7e-m/fpu\libc.a(lib_a-memchr.o)
 .ARM.attributes
                0x00000801       0x34 c:/program files (x86)/atollic/truestudio for stm32 9.3.0/armtools/bin/../lib/gcc/arm-atollic-eabi/6.3.1/../../../../arm-atollic-eabi/lib/armv7e-m/fpu\libc.a(lib_a-memcpy-stub.o)
 .ARM.attributes
                0x00000835       0x34 c:/program files (x86)/atollic/truestudio for stm32 9.3.0/armtools/bin/../lib/gcc/arm-atollic-eabi/6.3.1/../../../../arm-atollic-eabi/lib/armv7e-m/fpu\libc.a(lib_a-mlock.o)
 .ARM.attributes
                0x00000869       0x34 c:/program files (x86)/atollic/truestudio for stm32 9.3.0/armtools/bin/../lib/gcc/arm-atollic-eabi/6.3.1/../../../../arm-atollic-eabi/lib/armv7e-m/fpu\libc.a(lib_a-mprec.o)
 .ARM.attributes
                0x0000089d       0x34 c:/program files (x86)/atollic/truestudio for stm32 9.3.0/armtools/bin/../lib/gcc/arm-atollic-eabi/6.3.1/../../../../arm-atollic-eabi/lib/armv7e-m/fpu\libc.a(lib_a-sbrkr.o)
 .ARM.attributes
                0x000008d1       0x1b c:/program files (x86)/atollic/truestudio for stm32 9.3.0/armtools/bin/../lib/gcc/arm-atollic-eabi/6.3.1/../../../../arm-atollic-eabi/lib/armv7e-m/fpu\libc.a(lib_a-strlen.o)
 .ARM.attributes
                0x000008ec       0x34 c:/program files (x86)/atollic/truestudio for stm32 9.3.0/armtools/bin/../lib/gcc/arm-atollic-eabi/6.3.1/../../../../arm-atollic-eabi/lib/armv7e-m/fpu\libc.a(lib_a-svfiprintf.o)
 .ARM.attributes
                0x00000920       0x34 c:/program files (x86)/atollic/truestudio for stm32 9.3.0/armtools/bin/../lib/gcc/arm-atollic-eabi/6.3.1/../../../../arm-atollic-eabi/lib/armv7e-m/fpu\libc.a(lib_a-callocr.o)
 .ARM.attributes
                0x00000954       0x34 c:/program files (x86)/atollic/truestudio for stm32 9.3.0/armtools/bin/../lib/gcc/arm-atollic-eabi/6.3.1/../../../../arm-atollic-eabi/lib/armv7e-m/fpu\libc.a(lib_a-freer.o)
 .ARM.attributes
                0x00000988       0x34 c:/program files (x86)/atollic/truestudio for stm32 9.3.0/armtools/bin/../lib/gcc/arm-atollic-eabi/6.3.1/../../../../arm-atollic-eabi/lib/armv7e-m/fpu\libc.a(lib_a-locale.o)
 .ARM.attributes
                0x000009bc       0x34 c:/program files (x86)/atollic/truestudio for stm32 9.3.0/armtools/bin/../lib/gcc/arm-atollic-eabi/6.3.1/../../../../arm-atollic-eabi/lib/armv7e-m/fpu\libc.a(lib_a-lock.o)
 .ARM.attributes
                0x000009f0       0x34 c:/program files (x86)/atollic/truestudio for stm32 9.3.0/armtools/bin/../lib/gcc/arm-atollic-eabi/6.3.1/../../../../arm-atollic-eabi/lib/armv7e-m/fpu\libc.a(lib_a-mbtowc_r.o)
 .ARM.attributes
                0x00000a24       0x34 c:/program files (x86)/atollic/truestudio for stm32 9.3.0/armtools/bin/../lib/gcc/arm-atollic-eabi/6.3.1/../../../../arm-atollic-eabi/lib/armv7e-m/fpu\libc.a(lib_a-memmove.o)
 .ARM.attributes
                0x00000a58       0x34 c:/program files (x86)/atollic/truestudio for stm32 9.3.0/armtools/bin/../lib/gcc/arm-atollic-eabi/6.3.1/../../../../arm-atollic-eabi/lib/armv7e-m/fpu\libc.a(lib_a-memset.o)
 .ARM.attributes
                0x00000a8c       0x34 c:/program files (x86)/atollic/truestudio for stm32 9.3.0/armtools/bin/../lib/gcc/arm-atollic-eabi/6.3.1/../../../../arm-atollic-eabi/lib/armv7e-m/fpu\libc.a(lib_a-reallocr.o)
 .ARM.attributes
                0x00000ac0       0x34 c:/program files (x86)/atollic/truestudio for stm32 9.3.0/armtools/bin/../lib/gcc/arm-atollic-eabi/6.3.1/../../../../arm-atollic-eabi/lib/armv7e-m/fpu\libc.a(lib_a-reent.o)
 .ARM.attributes
                0x00000af4       0x34 c:/program files (x86)/atollic/truestudio for stm32 9.3.0/armtools/bin/../lib/gcc/arm-atollic-eabi/6.3.1/../../../../arm-atollic-eabi/lib/armv7e-m/fpu\libc.a(lib_a-wctomb_r.o)
 .ARM.attributes
                0x00000b28       0x34 c:/program files (x86)/atollic/truestudio for stm32 9.3.0/armtools/bin/../lib/gcc/arm-atollic-eabi/6.3.1/../../../../arm-atollic-eabi/lib/armv7e-m/fpu\libc.a(lib_a-ctype_.o)
 .ARM.attributes
                0x00000b5c       0x22 c:/program files (x86)/atollic/truestudio for stm32 9.3.0/armtools/bin/../lib/gcc/arm-atollic-eabi/6.3.1/armv7e-m/fpu\libgcc.a(_arm_addsubdf3.o)
 .ARM.attributes
                0x00000b7e       0x22 c:/program files (x86)/atollic/truestudio for stm32 9.3.0/armtools/bin/../lib/gcc/arm-atollic-eabi/6.3.1/armv7e-m/fpu\libgcc.a(_arm_muldivdf3.o)
 .ARM.attributes
                0x00000ba0       0x22 c:/program files (x86)/atollic/truestudio for stm32 9.3.0/armtools/bin/../lib/gcc/arm-atollic-eabi/6.3.1/armv7e-m/fpu\libgcc.a(_arm_cmpdf2.o)
 .ARM.attributes
                0x00000bc2       0x22 c:/program files (x86)/atollic/truestudio for stm32 9.3.0/armtools/bin/../lib/gcc/arm-atollic-eabi/6.3.1/armv7e-m/fpu\libgcc.a(_arm_unorddf2.o)
 .ARM.attributes
                0x00000be4       0x22 c:/program files (x86)/atollic/truestudio for stm32 9.3.0/armtools/bin/../lib/gcc/arm-atollic-eabi/6.3.1/armv7e-m/fpu\libgcc.a(_arm_fixdfsi.o)
 .ARM.attributes
                0x00000c06       0x22 c:/program files (x86)/atollic/truestudio for stm32 9.3.0/armtools/bin/../lib/gcc/arm-atollic-eabi/6.3.1/armv7e-m/fpu\libgcc.a(_arm_truncdfsf2.o)
 .ARM.attributes
                0x00000c28       0x22 c:/program files (x86)/atollic/truestudio for stm32 9.3.0/armtools/bin/../lib/gcc/arm-atollic-eabi/6.3.1/armv7e-m/fpu\libgcc.a(_aeabi_uldivmod.o)
 .ARM.attributes
                0x00000c4a       0x34 c:/program files (x86)/atollic/truestudio for stm32 9.3.0/armtools/bin/../lib/gcc/arm-atollic-eabi/6.3.1/armv7e-m/fpu\libgcc.a(_udivmoddi4.o)
 .ARM.attributes
                0x00000c7e       0x22 c:/program files (x86)/atollic/truestudio for stm32 9.3.0/armtools/bin/../lib/gcc/arm-atollic-eabi/6.3.1/armv7e-m/fpu\libgcc.a(_dvmd_tls.o)
 .ARM.attributes
                0x00000ca0       0x34 c:/program files (x86)/atollic/truestudio for stm32 9.3.0/armtools/bin/../lib/gcc/arm-atollic-eabi/6.3.1/../../../../arm-atollic-eabi/lib/armv7e-m/fpu\libnosys.a(sbrk.o)
 .ARM.attributes
                0x00000cd4       0x22 c:/program files (x86)/atollic/truestudio for stm32 9.3.0/armtools/bin/../lib/gcc/arm-atollic-eabi/6.3.1/armv7e-m/fpu/crtn.o
OUTPUT(CAMP1.2.elf elf32-littlearm)

.debug_info     0x00000000    0x10647
 .debug_info    0x00000000      0x54d Libraries\STM32F4xx_StdPeriph_Driver\src\misc.o
 .debug_info    0x0000054d      0xc4f Libraries\STM32F4xx_StdPeriph_Driver\src\stm32f4xx_adc.o
 .debug_info    0x0000119c      0x366 Libraries\STM32F4xx_StdPeriph_Driver\src\stm32f4xx_exti.o
 .debug_info    0x00001502      0x628 Libraries\STM32F4xx_StdPeriph_Driver\src\stm32f4xx_gpio.o
 .debug_info    0x00001b2a      0x521 Libraries\STM32F4xx_StdPeriph_Driver\src\stm32f4xx_pwr.o
 .debug_info    0x0000204b      0xc98 Libraries\STM32F4xx_StdPeriph_Driver\src\stm32f4xx_rcc.o
 .debug_info    0x00002ce3     0x10f6 Libraries\STM32F4xx_StdPeriph_Driver\src\stm32f4xx_rtc.o
 .debug_info    0x00003dd9      0xb1a Libraries\STM32F4xx_StdPeriph_Driver\src\stm32f4xx_spi.o
 .debug_info    0x000048f3      0x283 Libraries\STM32F4xx_StdPeriph_Driver\src\stm32f4xx_syscfg.o
 .debug_info    0x00004b76     0x1c74 Libraries\STM32F4xx_StdPeriph_Driver\src\stm32f4xx_tim.o
 .debug_info    0x000067ea      0x9d5 Libraries\STM32F4xx_StdPeriph_Driver\src\stm32f4xx_usart.o
 .debug_info    0x000071bf      0x9f6 src\DHT.o
 .debug_info    0x00007bb5      0xfe3 src\HC06.o
 .debug_info    0x00008b98      0x504 src\adc.o
 .debug_info    0x0000909c      0x307 src\diskio.o
 .debug_info    0x000093a3     0x1b43 src\ff.o
 .debug_info    0x0000aee6     0x1a18 src\main.o
 .debug_info    0x0000c8fe       0x7c src\startup_stm32f40xx.o
 .debug_info    0x0000c97a      0x26b src\stm32_ub_atadrive.o
 .debug_info    0x0000cbe5      0x832 src\stm32_ub_fatfs.o
 .debug_info    0x0000d417      0x611 src\stm32_ub_lcd_4x20.o
 .debug_info    0x0000da28      0xeb9 src\stm32_ub_sdcard.o
 .debug_info    0x0000e8e1      0x5ec src\stm32_ub_spi2.o
 .debug_info    0x0000eecd      0x26b src\stm32_ub_usbdisk.o
 .debug_info    0x0000f138      0x154 src\stm32f4xx_it.o
 .debug_info    0x0000f28c      0x5dd src\system_stm32f4xx.o
 .debug_info    0x0000f869      0xdde src\tm_stm32f4_rtc.o

.debug_abbrev   0x00000000     0x2b9a
 .debug_abbrev  0x00000000      0x172 Libraries\STM32F4xx_StdPeriph_Driver\src\misc.o
 .debug_abbrev  0x00000172      0x1ab Libraries\STM32F4xx_StdPeriph_Driver\src\stm32f4xx_adc.o
 .debug_abbrev  0x0000031d      0x1bc Libraries\STM32F4xx_StdPeriph_Driver\src\stm32f4xx_exti.o
 .debug_abbrev  0x000004d9      0x1b8 Libraries\STM32F4xx_StdPeriph_Driver\src\stm32f4xx_gpio.o
 .debug_abbrev  0x00000691      0x194 Libraries\STM32F4xx_StdPeriph_Driver\src\stm32f4xx_pwr.o
 .debug_abbrev  0x00000825      0x1f8 Libraries\STM32F4xx_StdPeriph_Driver\src\stm32f4xx_rcc.o
 .debug_abbrev  0x00000a1d      0x1dd Libraries\STM32F4xx_StdPeriph_Driver\src\stm32f4xx_rtc.o
 .debug_abbrev  0x00000bfa      0x17a Libraries\STM32F4xx_StdPeriph_Driver\src\stm32f4xx_spi.o
 .debug_abbrev  0x00000d74      0x146 Libraries\STM32F4xx_StdPeriph_Driver\src\stm32f4xx_syscfg.o
 .debug_abbrev  0x00000eba      0x19a Libraries\STM32F4xx_StdPeriph_Driver\src\stm32f4xx_tim.o
 .debug_abbrev  0x00001054      0x182 Libraries\STM32F4xx_StdPeriph_Driver\src\stm32f4xx_usart.o
 .debug_abbrev  0x000011d6      0x1e8 src\DHT.o
 .debug_abbrev  0x000013be      0x232 src\HC06.o
 .debug_abbrev  0x000015f0      0x139 src\adc.o
 .debug_abbrev  0x00001729      0x139 src\diskio.o
 .debug_abbrev  0x00001862      0x228 src\ff.o
 .debug_abbrev  0x00001a8a      0x334 src\main.o
 .debug_abbrev  0x00001dbe       0x12 src\startup_stm32f40xx.o
 .debug_abbrev  0x00001dd0       0xd8 src\stm32_ub_atadrive.o
 .debug_abbrev  0x00001ea8      0x1a7 src\stm32_ub_fatfs.o
 .debug_abbrev  0x0000204f      0x1e8 src\stm32_ub_lcd_4x20.o
 .debug_abbrev  0x00002237      0x2d1 src\stm32_ub_sdcard.o
 .debug_abbrev  0x00002508      0x17a src\stm32_ub_spi2.o
 .debug_abbrev  0x00002682       0xd8 src\stm32_ub_usbdisk.o
 .debug_abbrev  0x0000275a       0x90 src\stm32f4xx_it.o
 .debug_abbrev  0x000027ea      0x158 src\system_stm32f4xx.o
 .debug_abbrev  0x00002942      0x258 src\tm_stm32f4_rtc.o

.debug_aranges  0x00000000     0x1308
 .debug_aranges
                0x00000000       0x40 Libraries\STM32F4xx_StdPeriph_Driver\src\misc.o
 .debug_aranges
                0x00000040      0x148 Libraries\STM32F4xx_StdPeriph_Driver\src\stm32f4xx_adc.o
 .debug_aranges
                0x00000188       0x58 Libraries\STM32F4xx_StdPeriph_Driver\src\stm32f4xx_exti.o
 .debug_aranges
                0x000001e0       0x88 Libraries\STM32F4xx_StdPeriph_Driver\src\stm32f4xx_gpio.o
 .debug_aranges
                0x00000268       0x78 Libraries\STM32F4xx_StdPeriph_Driver\src\stm32f4xx_pwr.o
 .debug_aranges
                0x000002e0      0x180 Libraries\STM32F4xx_StdPeriph_Driver\src\stm32f4xx_rcc.o
 .debug_aranges
                0x00000460      0x1e0 Libraries\STM32F4xx_StdPeriph_Driver\src\stm32f4xx_rtc.o
 .debug_aranges
                0x00000640       0xe0 Libraries\STM32F4xx_StdPeriph_Driver\src\stm32f4xx_spi.o
 .debug_aranges
                0x00000720       0x48 Libraries\STM32F4xx_StdPeriph_Driver\src\stm32f4xx_syscfg.o
 .debug_aranges
                0x00000768      0x2f8 Libraries\STM32F4xx_StdPeriph_Driver\src\stm32f4xx_tim.o
 .debug_aranges
                0x00000a60      0x100 Libraries\STM32F4xx_StdPeriph_Driver\src\stm32f4xx_usart.o
 .debug_aranges
                0x00000b60       0x70 src\DHT.o
 .debug_aranges
                0x00000bd0       0x48 src\HC06.o
 .debug_aranges
                0x00000c18       0x28 src\adc.o
 .debug_aranges
                0x00000c40       0x48 src\diskio.o
 .debug_aranges
                0x00000c88      0x1b0 src\ff.o
 .debug_aranges
                0x00000e38       0xb0 src\main.o
 .debug_aranges
                0x00000ee8       0x28 src\startup_stm32f40xx.o
 .debug_aranges
                0x00000f10       0x50 src\stm32_ub_atadrive.o
 .debug_aranges
                0x00000f60       0x78 src\stm32_ub_fatfs.o
 .debug_aranges
                0x00000fd8       0x90 src\stm32_ub_lcd_4x20.o
 .debug_aranges
                0x00001068       0xf0 src\stm32_ub_sdcard.o
 .debug_aranges
                0x00001158       0x28 src\stm32_ub_spi2.o
 .debug_aranges
                0x00001180       0x50 src\stm32_ub_usbdisk.o
 .debug_aranges
                0x000011d0       0x60 src\stm32f4xx_it.o
 .debug_aranges
                0x00001230       0x30 src\system_stm32f4xx.o
 .debug_aranges
                0x00001260       0xa8 src\tm_stm32f4_rtc.o

.debug_ranges   0x00000000     0x1160
 .debug_ranges  0x00000000       0x30 Libraries\STM32F4xx_StdPeriph_Driver\src\misc.o
 .debug_ranges  0x00000030      0x138 Libraries\STM32F4xx_StdPeriph_Driver\src\stm32f4xx_adc.o
 .debug_ranges  0x00000168       0x48 Libraries\STM32F4xx_StdPeriph_Driver\src\stm32f4xx_exti.o
 .debug_ranges  0x000001b0       0x78 Libraries\STM32F4xx_StdPeriph_Driver\src\stm32f4xx_gpio.o
 .debug_ranges  0x00000228       0x68 Libraries\STM32F4xx_StdPeriph_Driver\src\stm32f4xx_pwr.o
 .debug_ranges  0x00000290      0x170 Libraries\STM32F4xx_StdPeriph_Driver\src\stm32f4xx_rcc.o
 .debug_ranges  0x00000400      0x1d0 Libraries\STM32F4xx_StdPeriph_Driver\src\stm32f4xx_rtc.o
 .debug_ranges  0x000005d0       0xd0 Libraries\STM32F4xx_StdPeriph_Driver\src\stm32f4xx_spi.o
 .debug_ranges  0x000006a0       0x38 Libraries\STM32F4xx_StdPeriph_Driver\src\stm32f4xx_syscfg.o
 .debug_ranges  0x000006d8      0x2e8 Libraries\STM32F4xx_StdPeriph_Driver\src\stm32f4xx_tim.o
 .debug_ranges  0x000009c0       0xf0 Libraries\STM32F4xx_StdPeriph_Driver\src\stm32f4xx_usart.o
 .debug_ranges  0x00000ab0       0x60 src\DHT.o
 .debug_ranges  0x00000b10       0x38 src\HC06.o
 .debug_ranges  0x00000b48       0x18 src\adc.o
 .debug_ranges  0x00000b60       0x38 src\diskio.o
 .debug_ranges  0x00000b98      0x1a0 src\ff.o
 .debug_ranges  0x00000d38       0xa0 src\main.o
 .debug_ranges  0x00000dd8       0x20 src\startup_stm32f40xx.o
 .debug_ranges  0x00000df8       0x40 src\stm32_ub_atadrive.o
 .debug_ranges  0x00000e38       0x68 src\stm32_ub_fatfs.o
 .debug_ranges  0x00000ea0       0x80 src\stm32_ub_lcd_4x20.o
 .debug_ranges  0x00000f20       0xe0 src\stm32_ub_sdcard.o
 .debug_ranges  0x00001000       0x18 src\stm32_ub_spi2.o
 .debug_ranges  0x00001018       0x40 src\stm32_ub_usbdisk.o
 .debug_ranges  0x00001058       0x50 src\stm32f4xx_it.o
 .debug_ranges  0x000010a8       0x20 src\system_stm32f4xx.o
 .debug_ranges  0x000010c8       0x98 src\tm_stm32f4_rtc.o

.debug_line     0x00000000     0x75c3
 .debug_line    0x00000000      0x253 Libraries\STM32F4xx_StdPeriph_Driver\src\misc.o
 .debug_line    0x00000253      0x572 Libraries\STM32F4xx_StdPeriph_Driver\src\stm32f4xx_adc.o
 .debug_line    0x000007c5      0x2b6 Libraries\STM32F4xx_StdPeriph_Driver\src\stm32f4xx_exti.o
 .debug_line    0x00000a7b      0x375 Libraries\STM32F4xx_StdPeriph_Driver\src\stm32f4xx_gpio.o
 .debug_line    0x00000df0      0x2ce Libraries\STM32F4xx_StdPeriph_Driver\src\stm32f4xx_pwr.o
 .debug_line    0x000010be      0x5cd Libraries\STM32F4xx_StdPeriph_Driver\src\stm32f4xx_rcc.o
 .debug_line    0x0000168b      0x83a Libraries\STM32F4xx_StdPeriph_Driver\src\stm32f4xx_rtc.o
 .debug_line    0x00001ec5      0x485 Libraries\STM32F4xx_StdPeriph_Driver\src\stm32f4xx_spi.o
 .debug_line    0x0000234a      0x22e Libraries\STM32F4xx_StdPeriph_Driver\src\stm32f4xx_syscfg.o
 .debug_line    0x00002578      0xad6 Libraries\STM32F4xx_StdPeriph_Driver\src\stm32f4xx_tim.o
 .debug_line    0x0000304e      0x4df Libraries\STM32F4xx_StdPeriph_Driver\src\stm32f4xx_usart.o
 .debug_line    0x0000352d      0x31c src\DHT.o
 .debug_line    0x00003849      0x397 src\HC06.o
 .debug_line    0x00003be0      0x21f src\adc.o
 .debug_line    0x00003dff      0x23f src\diskio.o
 .debug_line    0x0000403e      0xef1 src\ff.o
 .debug_line    0x00004f2f      0x759 src\main.o
 .debug_line    0x00005688       0x7a src\startup_stm32f40xx.o