core_cm4.h:1535:22:NVIC_SetPriority	16	static
core_cm4.h:1662:26:SysTick_Config	16	static
main.c:137:5:main	8	static
main.c:172:6:PantallaStanBy	24	static
main.c:189:6:InicializarPinesSalida	16	static
main.c:203:6:inicializaSensores	8	static
main.c:214:6:sensar	16	static
main.c:264:6:InicializarPines	16	static
main.c:291:6:Delay	16	static
main.c:298:6:TimingDelay_Decrement	4	static
main.c:306:6:HumedadTierra	8	static
main.c:328:6:MenudeOpciones	96	static
main.c:556:6:HorariosLuces	48	static
main.c:649:6:EXTILine7_Config	24	static
main.c:684:6:EXTILine8_Config	24	static
main.c:719:6:EXTI9_5_IRQHandler	8	static
main.c:801:6:InicializarHora	32	static
main.c:889:6:escribirSD	24	static
main.c:929:6:TM_RTC_RequestHandler	8	static
